Component: ARM Compiler 5.06 update 7 (build 960) Tool: armlink [4d3601]

==============================================================================

Section Cross References

    startup_stm32f103xb.o(STACK) refers (Special) to heapauxi.o(.text) for __use_two_region_memory
    startup_stm32f103xb.o(HEAP) refers (Special) to heapauxi.o(.text) for __use_two_region_memory
    startup_stm32f103xb.o(RESET) refers (Special) to heapauxi.o(.text) for __use_two_region_memory
    startup_stm32f103xb.o(RESET) refers to startup_stm32f103xb.o(STACK) for __initial_sp
    startup_stm32f103xb.o(RESET) refers to startup_stm32f103xb.o(.text) for Reset_Handler
    startup_stm32f103xb.o(RESET) refers to stm32f1xx_it.o(i.NMI_Handler) for NMI_Handler
    startup_stm32f103xb.o(RESET) refers to stm32f1xx_it.o(i.HardFault_Handler) for HardFault_Handler
    startup_stm32f103xb.o(RESET) refers to stm32f1xx_it.o(i.MemManage_Handler) for MemManage_Handler
    startup_stm32f103xb.o(RESET) refers to stm32f1xx_it.o(i.BusFault_Handler) for BusFault_Handler
    startup_stm32f103xb.o(RESET) refers to stm32f1xx_it.o(i.UsageFault_Handler) for UsageFault_Handler
    startup_stm32f103xb.o(RESET) refers to port.o(.emb_text) for SVC_Handler
    startup_stm32f103xb.o(RESET) refers to stm32f1xx_it.o(i.DebugMon_Handler) for DebugMon_Handler
    startup_stm32f103xb.o(RESET) refers to port.o(i.SysTick_Handler) for SysTick_Handler
    startup_stm32f103xb.o(RESET) refers to stm32f1xx_it.o(i.USB_HP_CAN1_TX_IRQHandler) for USB_HP_CAN1_TX_IRQHandler
    startup_stm32f103xb.o(RESET) refers to stm32f1xx_it.o(i.USB_LP_CAN1_RX0_IRQHandler) for USB_LP_CAN1_RX0_IRQHandler
    startup_stm32f103xb.o(RESET) refers to stm32f1xx_it.o(i.CAN1_RX1_IRQHandler) for CAN1_RX1_IRQHandler
    startup_stm32f103xb.o(RESET) refers to stm32f1xx_it.o(i.TIM4_IRQHandler) for TIM4_IRQHandler
    startup_stm32f103xb.o(.text) refers (Special) to heapauxi.o(.text) for __use_two_region_memory
    startup_stm32f103xb.o(.text) refers to system_stm32f1xx.o(i.SystemInit) for SystemInit
    startup_stm32f103xb.o(.text) refers to __main.o(!!!main) for __main
    startup_stm32f103xb.o(.text) refers to startup_stm32f103xb.o(HEAP) for Heap_Mem
    startup_stm32f103xb.o(.text) refers to startup_stm32f103xb.o(STACK) for Stack_Mem
    main.o(i.HAL_TIM_PeriodElapsedCallback) refers to stm32f1xx_hal.o(i.HAL_IncTick) for HAL_IncTick
    main.o(i.SystemClock_Config) refers to rt_memclr_w.o(.text) for __aeabi_memclr4
    main.o(i.SystemClock_Config) refers to stm32f1xx_hal_rcc.o(i.HAL_RCC_OscConfig) for HAL_RCC_OscConfig
    main.o(i.SystemClock_Config) refers to main.o(i.Error_Handler) for Error_Handler
    main.o(i.SystemClock_Config) refers to stm32f1xx_hal_rcc.o(i.HAL_RCC_ClockConfig) for HAL_RCC_ClockConfig
    main.o(i.can_filter_init) refers to stm32f1xx_hal_can.o(i.HAL_CAN_ConfigFilter) for HAL_CAN_ConfigFilter
    main.o(i.can_filter_init) refers to stm32f1xx_hal_can.o(i.HAL_CAN_ActivateNotification) for HAL_CAN_ActivateNotification
    main.o(i.can_filter_init) refers to stm32f1xx_hal_can.o(i.HAL_CAN_Start) for HAL_CAN_Start
    main.o(i.can_filter_init) refers to can.o(.bss) for hcan
    main.o(i.main) refers to stm32f1xx_hal.o(i.HAL_Init) for HAL_Init
    main.o(i.main) refers to main.o(i.SystemClock_Config) for SystemClock_Config
    main.o(i.main) refers to gpio.o(i.MX_GPIO_Init) for MX_GPIO_Init
    main.o(i.main) refers to can.o(i.MX_CAN_Init) for MX_CAN_Init
    main.o(i.main) refers to spi.o(i.MX_SPI1_Init) for MX_SPI1_Init
    main.o(i.main) refers to main.o(i.can_filter_init) for can_filter_init
    main.o(i.main) refers to motor_task.o(i.system_init) for system_init
    main.o(i.main) refers to freertos.o(i.MX_FREERTOS_Init) for MX_FREERTOS_Init
    main.o(i.main) refers to cmsis_os.o(i.osKernelStart) for osKernelStart
    main.o(i.main) refers to spi.o(.bss) for hspi1
    gpio.o(i.MX_GPIO_Init) refers to stm32f1xx_hal_gpio.o(i.HAL_GPIO_WritePin) for HAL_GPIO_WritePin
    gpio.o(i.MX_GPIO_Init) refers to stm32f1xx_hal_gpio.o(i.HAL_GPIO_Init) for HAL_GPIO_Init
    freertos.o(i.MX_FREERTOS_Init) refers to rt_memcpy_w.o(.text) for __aeabi_memcpy4
    freertos.o(i.MX_FREERTOS_Init) refers to cmsis_os.o(i.osThreadCreate) for osThreadCreate
    freertos.o(i.MX_FREERTOS_Init) refers to freertos.o(.constdata) for .constdata
    freertos.o(i.MX_FREERTOS_Init) refers to freertos.o(.data) for MT6816TaskHandle
    freertos.o(i.vApplicationGetIdleTaskMemory) refers to freertos.o(.bss) for xIdleTaskTCBBuffer
    freertos.o(.constdata) refers to freertos.o(.conststring) for .conststring
    freertos.o(.constdata) refers to motor_task.o(i.MT6816_Task) for MT6816_Task
    can.o(i.HAL_CAN_MspDeInit) refers to stm32f1xx_hal_gpio.o(i.HAL_GPIO_DeInit) for HAL_GPIO_DeInit
    can.o(i.HAL_CAN_MspDeInit) refers to stm32f1xx_hal_cortex.o(i.HAL_NVIC_DisableIRQ) for HAL_NVIC_DisableIRQ
    can.o(i.HAL_CAN_MspInit) refers to stm32f1xx_hal_gpio.o(i.HAL_GPIO_Init) for HAL_GPIO_Init
[...]
    i.prvTaskExitError                       0x08004678   Section        0  port.o(i.prvTaskExitError)
    prvTaskExitError                         0x08004679   Thumb Code    60  port.o(i.prvTaskExitError)
    i.pvPortMalloc                           0x080046b8   Section        0  heap_4.o(i.pvPortMalloc)
    i.pxPortInitialiseStack                  0x080047f4   Section        0  port.o(i.pxPortInitialiseStack)
    i.sqrtf                                  0x08004818   Section        0  sqrtf.o(i.sqrtf)
    i.system_init                            0x08004844   Section        0  motor_task.o(i.system_init)
    i.uxListRemove                           0x08004914   Section        0  list.o(i.uxListRemove)
    i.vApplicationGetIdleTaskMemory          0x0800493c   Section        0  freertos.o(i.vApplicationGetIdleTaskMemory)
    i.vListInitialise                        0x08004954   Section        0  list.o(i.vListInitialise)
    i.vListInitialiseItem                    0x0800496e   Section        0  list.o(i.vListInitialiseItem)
    i.vListInsert                            0x08004974   Section        0  list.o(i.vListInsert)
    i.vListInsertEnd                         0x080049a8   Section        0  list.o(i.vListInsertEnd)
    i.vPortEnterCritical                     0x080049c0   Section        0  port.o(i.vPortEnterCritical)
    i.vPortExitCritical                      0x08004a14   Section        0  port.o(i.vPortExitCritical)
    i.vPortFree                              0x08004a50   Section        0  heap_4.o(i.vPortFree)
    i.vPortSetupTimerInterrupt               0x08004ae4   Section        0  port.o(i.vPortSetupTimerInterrupt)
    i.vTaskDelay                             0x08004b0c   Section        0  tasks.o(i.vTaskDelay)
    i.vTaskDelete                            0x08004b68   Section        0  tasks.o(i.vTaskDelete)
    i.vTaskStartScheduler                    0x08004c5c   Section        0  tasks.o(i.vTaskStartScheduler)
    i.vTaskSuspendAll                        0x08004d0c   Section        0  tasks.o(i.vTaskSuspendAll)
    i.vTaskSwitchContext                     0x08004d1c   Section        0  tasks.o(i.vTaskSwitchContext)
    i.xPortStartScheduler                    0x08004da8   Section        0  port.o(i.xPortStartScheduler)
    i.xTaskCreate                            0x08004ea0   Section        0  tasks.o(i.xTaskCreate)
    i.xTaskCreateStatic                      0x08004f04   Section        0  tasks.o(i.xTaskCreateStatic)
    i.xTaskIncrementTick                     0x08004fbc   Section        0  tasks.o(i.xTaskIncrementTick)
    i.xTaskResumeAll                         0x08005104   Section        0  tasks.o(i.xTaskResumeAll)
    x$fpl$d2f                                0x08005208   Section       98  d2f.o(x$fpl$d2f)
    x$fpl$dadd                               0x0800526c   Section      336  daddsub_clz.o(x$fpl$dadd)
    _dadd1                                   0x0800527d   Thumb Code     0  daddsub_clz.o(x$fpl$dadd)
    x$fpl$dcheck1                            0x080053bc   Section       16  dcheck1.o(x$fpl$dcheck1)
    x$fpl$dcmpinf                            0x080053cc   Section       24  dcmpi.o(x$fpl$dcmpinf)
    x$fpl$ddiv                               0x080053e4   Section      688  ddiv.o(x$fpl$ddiv)
    ddiv_entry                               0x080053eb   Thumb Code     0  ddiv.o(x$fpl$ddiv)
    x$fpl$deqf                               0x08005694   Section      120  deqf.o(x$fpl$deqf)
    x$fpl$dfix                               0x0800570c   Section       94  dfix.o(x$fpl$dfix)
    x$fpl$dflt                               0x0800576a   Section       46  dflt_clz.o(x$fpl$dflt)
    x$fpl$dfltu                              0x08005798   Section       38  dflt_clz.o(x$fpl$dfltu)
    x$fpl$dleqf                              0x080057c0   Section      120  dleqf.o(x$fpl$dleqf)
    x$fpl$dmul                               0x08005838   Section      340  dmul.o(x$fpl$dmul)
    x$fpl$dnaninf                            0x0800598c   Section      156  dnaninf.o(x$fpl$dnaninf)
    x$fpl$dretinf                            0x08005a28   Section       12  dretinf.o(x$fpl$dretinf)
    x$fpl$drleqf                             0x08005a34   Section      108  drleqf.o(x$fpl$drleqf)
    x$fpl$drsb                               0x08005aa0   Section       22  daddsub_clz.o(x$fpl$drsb)
    x$fpl$dsub                               0x08005ab8   Section      468  daddsub_clz.o(x$fpl$dsub)
    _dsub1                                   0x08005ac9   Thumb Code     0  daddsub_clz.o(x$fpl$dsub)
    x$fpl$f2d                                0x08005c8c   Section       86  f2d.o(x$fpl$f2d)
    x$fpl$fadd                               0x08005ce4   Section      196  faddsub_clz.o(x$fpl$fadd)
    _fadd1                                   0x08005cf3   Thumb Code     0  faddsub_clz.o(x$fpl$fadd)
    x$fpl$fcheck1                            0x08005da8   Section       12  fcheck1.o(x$fpl$fcheck1)
    x$fpl$fcmpinf                            0x08005db4   Section       24  fcmpi.o(x$fpl$fcmpinf)
    x$fpl$fdiv                               0x08005dcc   Section      388  fdiv.o(x$fpl$fdiv)
    _fdiv1                                   0x08005dcd   Thumb Code     0  fdiv.o(x$fpl$fdiv)
    x$fpl$feqf                               0x08005f50   Section      104  feqf.o(x$fpl$feqf)
    x$fpl$ffix                               0x08005fb8   Section       54  ffix.o(x$fpl$ffix)
    x$fpl$ffixr                              0x08005ff0   Section       82  ffix.o(x$fpl$ffixr)
    x$fpl$fflt                               0x08006044   Section       48  fflt_clz.o(x$fpl$fflt)
    x$fpl$fleqf                              0x08006074   Section      104  fleqf.o(x$fpl$fleqf)
    x$fpl$fmul                               0x080060dc   Section      258  fmul.o(x$fpl$fmul)
    x$fpl$fnaninf                            0x080061de   Section      140  fnaninf.o(x$fpl$fnaninf)
    x$fpl$fretinf                            0x0800626a   Section       10  fretinf.o(x$fpl$fretinf)
    x$fpl$frleqf                             0x08006274   Section       98  frleqf.o(x$fpl$frleqf)
    x$fpl$frsb                               0x080062d6   Section       20  faddsub_clz.o(x$fpl$frsb)
    x$fpl$fsqrt                              0x080062ec   Section      272  fsqrt.o(x$fpl$fsqrt)
    x$fpl$fsub                               0x080063fc   Section      234  faddsub_clz.o(x$fpl$fsub)
    _fsub1                                   0x0800640b   Thumb Code     0  faddsub_clz.o(x$fpl$fsub)
    x$fpl$retnan                             0x080064e6   Section      100  retnan.o(x$fpl$retnan)
    x$fpl$scalbn                             0x0800654a   Section       92  scalbn.o(x$fpl$scalbn)
    x$fpl$scalbnf                            0x080065a6   Section       76  scalbnf.o(x$fpl$scalbnf)
    x$fpl$trapveneer                         0x080065f2   Section       48  trapv.o(x$fpl$trapveneer)
    x$fpl$usenofp                            0x08006622   Section        0  usenofp.o(x$fpl$usenofp)
    .constdata                               0x08006624   Section       28  freertos.o(.constdata)
    .constdata                               0x08006640   Section       18  stm32f1xx_hal_rcc.o(.constdata)
    aPLLMULFactorTable                       0x08006640   Data          16  stm32f1xx_hal_rcc.o(.constdata)
    aPredivFactorTable                       0x08006650   Data           2  stm32f1xx_hal_rcc.o(.constdata)
    .constdata                               0x08006652   Section       24  system_stm32f1xx.o(.constdata)
    .constdata                               0x0800666c   Section       28  motor_task.o(.constdata)
    .constdata                               0x08006688   Section      320  powf.o(.constdata)
    table                                    0x08006688   Data         128  powf.o(.constdata)
    powersof2to1over16top                    0x08006708   Data          64  powf.o(.constdata)
    powersof2to1over16bot                    0x08006748   Data          64  powf.o(.constdata)
    powersof2to1over16all                    0x08006788   Data          64  powf.o(.constdata)
    .constdata                               0x080067c8   Section      152  atan.o(.constdata)
    atanhi                                   0x080067c8   Data          32  atan.o(.constdata)
    atanlo                                   0x080067e8   Data          32  atan.o(.constdata)
    aTodd                                    0x08006808   Data          40  atan.o(.constdata)
    aTeven                                   0x08006830   Data          48  atan.o(.constdata)
    .constdata                               0x08006860   Section        8  qnan.o(.constdata)
    .conststring                             0x08006868   Section       12  freertos.o(.conststring)
    .conststring                             0x08006874   Section       12  motor_task.o(.conststring)
    .data                                    0x20000000   Section        8  freertos.o(.data)
    .data                                    0x20000008   Section        9  stm32f1xx_hal.o(.data)
    .data                                    0x20000014   Section        4  system_stm32f1xx.o(.data)
    .data                                    0x20000018   Section       60  tasks.o(.data)
    pxDelayedTaskList                        0x2000001c   Data           4  tasks.o(.data)
    pxOverflowDelayedTaskList                0x20000020   Data           4  tasks.o(.data)
    uxDeletedTasksWaitingCleanUp             0x20000024   Data           4  tasks.o(.data)
    uxCurrentNumberOfTasks                   0x20000028   Data           4  tasks.o(.data)
    xTickCount                               0x2000002c   Data           4  tasks.o(.data)
    uxTopReadyPriority                       0x20000030   Data           4  tasks.o(.data)
    xSchedulerRunning                        0x20000034   Data           4  tasks.o(.data)
    uxPendedTicks                            0x20000038   Data           4  tasks.o(.data)
    xYieldPending                            0x2000003c   Data           4  tasks.o(.data)
    xNumOfOverflows                          0x20000040   Data           4  tasks.o(.data)
    uxTaskNumber                             0x20000044   Data           4  tasks.o(.data)
    xNextTaskUnblockTime                     0x20000048   Data           4  tasks.o(.data)
    xIdleTaskHandle                          0x2000004c   Data           4  tasks.o(.data)
    uxSchedulerSuspended                     0x20000050   Data           4  tasks.o(.data)
    .data                                    0x20000054   Section       24  heap_4.o(.data)
    xStart                                   0x20000054   Data           8  heap_4.o(.data)
    pxEnd                                    0x2000005c   Data           4  heap_4.o(.data)
    xFreeBytesRemaining                      0x20000060   Data           4  heap_4.o(.data)
    xMinimumEverFreeBytesRemaining           0x20000064   Data           4  heap_4.o(.data)
    xBlockAllocatedBit                       0x20000068   Data           4  heap_4.o(.data)
    .data                                    0x2000006c   Section       12  port.o(.data)
    uxCriticalNesting                        0x2000006c   Data           4  port.o(.data)
    ucMaxSysCallPriority                     0x20000070   Data           1  port.o(.data)
    ulMaxPRIGROUPValue                       0x20000074   Data           4  port.o(.data)
    .data                                    0x20000078   Section       32  can_feedback.o(.data)
    .data                                    0x20000098   Section       72  motor_task.o(.data)
    .bss                                     0x200000e0   Section      596  freertos.o(.bss)
    xIdleTaskTCBBuffer                       0x200000e0   Data          84  freertos.o(.bss)
    xIdleStack                               0x20000134   Data         512  freertos.o(.bss)
    .bss                                     0x20000334   Section       40  can.o(.bss)
    .bss                                     0x2000035c   Section       88  spi.o(.bss)
    .bss                                     0x200003b4   Section       72  stm32f1xx_hal_timebase_tim.o(.bss)
    .bss                                     0x200003fc   Section      240  tasks.o(.bss)
    pxReadyTasksLists                        0x200003fc   Data         140  tasks.o(.bss)
    xDelayedTaskList1                        0x20000488   Data          20  tasks.o(.bss)
    xDelayedTaskList2                        0x2000049c   Data          20  tasks.o(.bss)
    xPendingReadyList                        0x200004b0   Data          20  tasks.o(.bss)
    xTasksWaitingTermination                 0x200004c4   Data          20  tasks.o(.bss)
    xSuspendedTaskList                       0x200004d8   Data          20  tasks.o(.bss)
    .bss                                     0x200004ec   Section     3072  heap_4.o(.bss)
    ucHeap                                   0x200004ec   Data        3072  heap_4.o(.bss)
    .bss                                     0x200010ec   Section      640  can_feedback.o(.bss)
    rx_message                               0x20001330   Data          32  can_feedback.o(.bss)
    .bss                                     0x2000136c   Section       96  libspace.o(.bss)
    HEAP                                     0x200013d0   Section      512  startup_stm32f103xb.o(HEAP)
    Heap_Mem                                 0x200013d0   Data         512  startup_stm32f103xb.o(HEAP)
    STACK                                    0x200015d0   Section     1024  startup_stm32f103xb.o(STACK)
    Stack_Mem                                0x200015d0   Data        1024  startup_stm32f103xb.o(STACK)
    __initial_sp                             0x200019d0   Data           0  startup_stm32f103xb.o(STACK)

    Global Symbols

    Symbol Name                              Value     Ov Type        Size  Object(Section)

    BuildAttributes$$THM_ISAv4$P$D$K$B$S$PE$A:L22UL41UL21$X:L11$S22US41US21$IEEE1$IW$USESV6$~STKCKD$USESV7$~SHL$OTIME$ROPI$IEEEX$EBA8$UX$STANDARDLIB$REQ8$PRES8$EABIv2 0x00000000   Number         0  anon$$obj.o ABSOLUTE
    __ARM_use_no_argv                        0x00000000   Number         0  main.o ABSOLUTE
    __ARM_exceptions_init                     - Undefined Weak Reference
    __alloca_initialize                       - Undefined Weak Reference
    __arm_fini_                               - Undefined Weak Reference
    __arm_preinit_                            - Undefined Weak Reference
    __cpp_initialize__aeabi_                  - Undefined Weak Reference
    __cxa_finalize                            - Undefined Weak Reference
    __rt_locale                               - Undefined Weak Reference
    __sigvec_lookup                           - Undefined Weak Reference
    _atexit_init                              - Undefined Weak Reference
    _call_atexit_fns                          - Undefined Weak Reference
    _clock_init                               - Undefined Weak Reference
    _fp_trap_init                             - Undefined Weak Reference
    _fp_trap_shutdown                         - Undefined Weak Reference
    _get_lc_collate                           - Undefined Weak Reference
    _get_lc_ctype                             - Undefined Weak Reference
    _get_lc_monetary                          - Undefined Weak Reference
    _get_lc_numeric                           - Undefined Weak Reference
    _get_lc_time                              - Undefined Weak Reference
    _getenv_init                              - Undefined Weak Reference
    _handle_redirection                       - Undefined Weak Reference
    _init_alloc                               - Undefined Weak Reference
    _init_user_alloc                          - Undefined Weak Reference
    _initio                                   - Undefined Weak Reference
    _rand_init                                - Undefined Weak Reference
    _signal_finish                            - Undefined Weak Reference
    _signal_init                              - Undefined Weak Reference
    _terminate_alloc                          - Undefined Weak Reference
    _terminate_user_alloc                     - Undefined Weak Reference
    _terminateio                              - Undefined Weak Reference
    __Vectors_Size                           0x000000ec   Number         0  startup_stm32f103xb.o ABSOLUTE
    __Vectors                                0x08000000   Data           4  startup_stm32f103xb.o(RESET)
    __Vectors_End                            0x080000ec   Data           0  startup_stm32f103xb.o(RESET)
    __main                                   0x080000ed   Thumb Code     8  __main.o(!!!main)
    __scatterload                            0x080000f5   Thumb Code     0  __scatter.o(!!!scatter)
    __scatterload_rt2                        0x080000f5   Thumb Code    44  __scatter.o(!!!scatter)
    __scatterload_rt2_thumb_only             0x080000f5   Thumb Code     0  __scatter.o(!!!scatter)
    __scatterload_null                       0x08000103   Thumb Code     0  __scatter.o(!!!scatter)
    __scatterload_copy                       0x08000129   Thumb Code    26  __scatter_copy.o(!!handler_copy)
    __scatterload_zeroinit                   0x08000145   Thumb Code    28  __scatter_zi.o(!!handler_zi)
    __rt_lib_init                            0x08000161   Thumb Code     0  libinit.o(.ARM.Collect$$libinit$$00000000)
    __rt_lib_init_alloca_1                   0x08000163   Thumb Code     0  libinit2.o(.ARM.Collect$$libinit$$0000002E)
    __rt_lib_init_argv_1                     0x08000163   Thumb Code     0  libinit2.o(.ARM.Collect$$libinit$$0000002C)
    __rt_lib_init_atexit_1                   0x08000163   Thumb Code     0  libinit2.o(.ARM.Collect$$libinit$$0000001B)
    __rt_lib_init_clock_1                    0x08000163   Thumb Code     0  libinit2.o(.ARM.Collect$$libinit$$00000021)
    __rt_lib_init_cpp_1                      0x08000163   Thumb Code     0  libinit2.o(.ARM.Collect$$libinit$$00000032)
    __rt_lib_init_exceptions_1               0x08000163   Thumb Code     0  libinit2.o(.ARM.Collect$$libinit$$00000030)
    __rt_lib_init_fp_1                       0x08000163   Thumb Code     0  libinit2.o(.ARM.Collect$$libinit$$00000002)
    __rt_lib_init_fp_trap_1                  0x08000163   Thumb Code     0  libinit2.o(.ARM.Collect$$libinit$$0000001F)
    __rt_lib_init_getenv_1                   0x08000163   Thumb Code     0  libinit2.o(.ARM.Collect$$libinit$$00000023)
    __rt_lib_init_heap_1                     0x08000163   Thumb Code     0  libinit2.o(.ARM.Collect$$libinit$$0000000A)
    __rt_lib_init_lc_collate_1               0x08000163   Thumb Code     0  libinit2.o(.ARM.Collect$$libinit$$00000011)
    __rt_lib_init_lc_ctype_1                 0x08000163   Thumb Code     0  libinit2.o(.ARM.Collect$$libinit$$00000013)
    __rt_lib_init_lc_monetary_1              0x08000163   Thumb Code     0  libinit2.o(.ARM.Collect$$libinit$$00000015)
    __rt_lib_init_lc_numeric_1               0x08000163   Thumb Code     0  libinit2.o(.ARM.Collect$$libinit$$00000017)
    __rt_lib_init_lc_time_1                  0x08000163   Thumb Code     0  libinit2.o(.ARM.Collect$$libinit$$00000019)
    __rt_lib_init_preinit_1                  0x08000163   Thumb Code     0  libinit2.o(.ARM.Collect$$libinit$$00000004)
    __rt_lib_init_rand_1                     0x08000163   Thumb Code     0  libinit2.o(.ARM.Collect$$libinit$$0000000E)
    __rt_lib_init_return                     0x08000163   Thumb Code     0  libinit2.o(.ARM.Collect$$libinit$$00000033)
    __rt_lib_init_signal_1                   0x08000163   Thumb Code     0  libinit2.o(.ARM.Collect$$libinit$$0000001D)
    __rt_lib_init_stdio_1                    0x08000163   Thumb Code     0  libinit2.o(.ARM.Collect$$libinit$$00000025)
    __rt_lib_init_user_alloc_1               0x08000163   Thumb Code     0  libinit2.o(.ARM.Collect$$libinit$$0000000C)
    __rt_lib_shutdown                        0x08000165   Thumb Code     0  libshutdown.o(.ARM.Collect$$libshutdown$$00000000)
    __rt_lib_shutdown_cpp_1                  0x08000167   Thumb Code     0  libshutdown2.o(.ARM.Collect$$libshutdown$$00000004)
    __rt_lib_shutdown_fini_1                 0x08000167   Thumb Code     0  libshutdown2.o(.ARM.Collect$$libshutdown$$00000002)
    __rt_lib_shutdown_fp_trap_1              0x08000167   Thumb Code     0  libshutdown2.o(.ARM.Collect$$libshutdown$$00000009)
    __rt_lib_shutdown_heap_1                 0x08000167   Thumb Code     0  libshutdown2.o(.ARM.Collect$$libshutdown$$00000011)
    __rt_lib_shutdown_return                 0x08000167   Thumb Code     0  libshutdown2.o(.ARM.Collect$$libshutdown$$00000012)
    __rt_lib_shutdown_signal_1               0x08000167   Thumb Code     0  libshutdown2.o(.ARM.Collect$$libshutdown$$0000000C)
    __rt_lib_shutdown_stdio_1                0x08000167   Thumb Code     0  libshutdown2.o(.ARM.Collect$$libshutdown$$00000006)
    __rt_lib_shutdown_user_alloc_1           0x08000167   Thumb Code     0  libshutdown2.o(.ARM.Collect$$libshutdown$$0000000E)
    __rt_entry                               0x08000169   Thumb Code     0  __rtentry.o(.ARM.Collect$$rtentry$$00000000)
    __rt_entry_presh_1                       0x08000169   Thumb Code     0  __rtentry2.o(.ARM.Collect$$rtentry$$00000002)
    __rt_entry_sh                            0x08000169   Thumb Code     0  __rtentry4.o(.ARM.Collect$$rtentry$$00000004)
    __rt_entry_li                            0x0800016f   Thumb Code     0  __rtentry2.o(.ARM.Collect$$rtentry$$0000000A)
    __rt_entry_postsh_1                      0x0800016f   Thumb Code     0  __rtentry2.o(.ARM.Collect$$rtentry$$00000009)
    __rt_entry_main                          0x08000173   Thumb Code     0  __rtentry2.o(.ARM.Collect$$rtentry$$0000000D)
    __rt_entry_postli_1                      0x08000173   Thumb Code     0  __rtentry2.o(.ARM.Collect$$rtentry$$0000000C)
    __rt_exit                                0x0800017b   Thumb Code     0  rtexit.o(.ARM.Collect$$rtexit$$00000000)
    __rt_exit_ls                             0x0800017d   Thumb Code     0  rtexit2.o(.ARM.Collect$$rtexit$$00000003)
    __rt_exit_prels_1                        0x0800017d   Thumb Code     0  rtexit2.o(.ARM.Collect$$rtexit$$00000002)
    __rt_exit_exit                           0x08000181   Thumb Code     0  rtexit2.o(.ARM.Collect$$rtexit$$00000004)
    SVC_Handler                              0x08000189   Thumb Code    32  port.o(.emb_text)
    __asm___6_port_c_39a90d8d__prvStartFirstTask 0x080001ad   Thumb Code    28  port.o(.emb_text)
    PendSV_Handler                           0x080001cd   Thumb Code    72  port.o(.emb_text)
    vPortGetIPSR                             0x08000219   Thumb Code     6  port.o(.emb_text)
    Reset_Handler                            0x08000221   Thumb Code     8  startup_stm32f103xb.o(.text)
    ADC1_2_IRQHandler                        0x0800023b   Thumb Code     0  startup_stm32f103xb.o(.text)
    CAN1_SCE_IRQHandler                      0x0800023b   Thumb Code     0  startup_stm32f103xb.o(.text)
    DMA1_Channel1_IRQHandler                 0x0800023b   Thumb Code     0  startup_stm32f103xb.o(.text)
    DMA1_Channel2_IRQHandler                 0x0800023b   Thumb Code     0  startup_stm32f103xb.o(.text)
    DMA1_Channel3_IRQHandler                 0x0800023b   Thumb Code     0  startup_stm32f103xb.o(.text)
    DMA1_Channel4_IRQHandler                 0x0800023b   Thumb Code     0  startup_stm32f103xb.o(.text)
    DMA1_Channel5_IRQHandler                 0x0800023b   Thumb Code     0  startup_stm32f103xb.o(.text)
    DMA1_Channel6_IRQHandler                 0x0800023b   Thumb Code     0  startup_stm32f103xb.o(.text)
    DMA1_Channel7_IRQHandler                 0x0800023b   Thumb Code     0  startup_stm32f103xb.o(.text)
    EXTI0_IRQHandler                         0x0800023b   Thumb Code     0  startup_stm32f103xb.o(.text)
    EXTI15_10_IRQHandler                     0x0800023b   Thumb Code     0  startup_stm32f103xb.o(.text)
    EXTI1_IRQHandler                         0x0800023b   Thumb Code     0  startup_stm32f103xb.o(.text)
    EXTI2_IRQHandler                         0x0800023b   Thumb Code     0  startup_stm32f103xb.o(.text)
    EXTI3_IRQHandler                         0x0800023b   Thumb Code     0  startup_stm32f103xb.o(.text)
    EXTI4_IRQHandler                         0x0800023b   Thumb Code     0  startup_stm32f103xb.o(.text)
    EXTI9_5_IRQHandler                       0x0800023b   Thumb Code     0  startup_stm32f103xb.o(.text)
    FLASH_IRQHandler                         0x0800023b   Thumb Code     0  startup_stm32f103xb.o(.text)
    I2C1_ER_IRQHandler                       0x0800023b   Thumb Code     0  startup_stm32f103xb.o(.text)
    I2C1_EV_IRQHandler                       0x0800023b   Thumb Code     0  startup_stm32f103xb.o(.text)
    I2C2_ER_IRQHandler                       0x0800023b   Thumb Code     0  startup_stm32f103xb.o(.text)
    I2C2_EV_IRQHandler                       0x0800023b   Thumb Code     0  startup_stm32f103xb.o(.text)
    PVD_IRQHandler                           0x0800023b   Thumb Code     0  startup_stm32f103xb.o(.text)
    RCC_IRQHandler                           0x0800023b   Thumb Code     0  startup_stm32f103xb.o(.text)
    RTC_Alarm_IRQHandler                     0x0800023b   Thumb Code     0  startup_stm32f103xb.o(.text)
    RTC_IRQHandler                           0x0800023b   Thumb Code     0  startup_stm32f103xb.o(.text)
    SPI1_IRQHandler                          0x0800023b   Thumb Code     0  startup_stm32f103xb.o(.text)
    SPI2_IRQHandler                          0x0800023b   Thumb Code     0  startup_stm32f103xb.o(.text)
    TAMPER_IRQHandler                        0x0800023b   Thumb Code     0  startup_stm32f103xb.o(.text)
    TIM1_BRK_IRQHandler                      0x0800023b   Thumb Code     0  startup_stm32f103xb.o(.text)
    TIM1_CC_IRQHandler                       0x0800023b   Thumb Code     0  startup_stm32f103xb.o(.text)
    TIM1_TRG_COM_IRQHandler                  0x0800023b   Thumb Code     0  startup_stm32f103xb.o(.text)
    TIM1_UP_IRQHandler                       0x0800023b   Thumb Code     0  startup_stm32f103xb.o(.text)
    TIM2_IRQHandler                          0x0800023b   Thumb Code     0  startup_stm32f103xb.o(.text)
    TIM3_IRQHandler                          0x0800023b   Thumb Code     0  startup_stm32f103xb.o(.text)
    USART1_IRQHandler                        0x0800023b   Thumb Code     0  startup_stm32f103xb.o(.text)
    USART2_IRQHandler                        0x0800023b   Thumb Code     0  startup_stm32f103xb.o(.text)
    USART3_IRQHandler                        0x0800023b   Thumb Code     0  startup_stm32f103xb.o(.text)
    USBWakeUp_IRQHandler                     0x0800023b   Thumb Code     0  startup_stm32f103xb.o(.text)
    WWDG_IRQHandler                          0x0800023b   Thumb Code     0  startup_stm32f103xb.o(.text)
    __user_initial_stackheap                 0x0800023d   Thumb Code     0  startup_stm32f103xb.o(.text)
    __aeabi_memcpy                           0x08000261   Thumb Code     0  rt_memcpy_v6.o(.text)
    __rt_memcpy                              0x08000261   Thumb Code   138  rt_memcpy_v6.o(.text)
    _memcpy_lastbytes                        0x080002c7   Thumb Code     0  rt_memcpy_v6.o(.text)
    __aeabi_memcpy4                          0x080002eb   Thumb Code     0  rt_memcpy_w.o(.text)
    __aeabi_memcpy8                          0x080002eb   Thumb Code     0  rt_memcpy_w.o(.text)
    __rt_memcpy_w                            0x080002eb   Thumb Code   100  rt_memcpy_w.o(.text)
    _memcpy_lastbytes_aligned                0x08000333   Thumb Code     0  rt_memcpy_w.o(.text)
    __aeabi_memclr4                          0x0800034f   Thumb Code     0  rt_memclr_w.o(.text)
    __aeabi_memclr8                          0x0800034f   Thumb Code     0  rt_memclr_w.o(.text)
    __rt_memclr_w                            0x0800034f   Thumb Code    78  rt_memclr_w.o(.text)
    _memset_w                                0x08000353   Thumb Code     0  rt_memclr_w.o(.text)
    __use_two_region_memory                  0x0800039d   Thumb Code     2  heapauxi.o(.text)
    __rt_heap_escrow$2region                 0x0800039f   Thumb Code     2  heapauxi.o(.text)
    __rt_heap_expand$2region                 0x080003a1   Thumb Code     2  heapauxi.o(.text)
    __read_errno                             0x080003a3   Thumb Code    10  _rserrno.o(.text)
    __set_errno                              0x080003ad   Thumb Code    12  _rserrno.o(.text)
    __aeabi_errno_addr                       0x080003b9   Thumb Code     8  rt_errno_addr_intlibspace.o(.text)
    __errno$intlibspace                      0x080003b9   Thumb Code     0  rt_errno_addr_intlibspace.o(.text)
    __rt_errno_addr$intlibspace              0x080003b9   Thumb Code     0  rt_errno_addr_intlibspace.o(.text)
    __user_libspace                          0x080003c1   Thumb Code     8  libspace.o(.text)
    __user_perproc_libspace                  0x080003c1   Thumb Code     0  libspace.o(.text)
    __user_perthread_libspace                0x080003c1   Thumb Code     0  libspace.o(.text)
    __user_setup_stackheap                   0x080003c9   Thumb Code    74  sys_stackheap_outer.o(.text)
    exit                                     0x08000413   Thumb Code    18  exit.o(.text)
    _sys_exit                                0x08000425   Thumb Code     8  sys_exit.o(.text)
    __I$use$semihosting                      0x08000431   Thumb Code     0  use_no_semi.o(.text)
    __use_no_semihosting_swi                 0x08000431   Thumb Code     2  use_no_semi.o(.text)
    BusFault_Handler                         0x08000433   Thumb Code     4  stm32f1xx_it.o(i.BusFault_Handler)
    __semihosting_library_function           0x08000433   Thumb Code     0  indicate_semi.o(.text)
    CAN1_RX1_IRQHandler                      0x08000439   Thumb Code    10  stm32f1xx_it.o(i.CAN1_RX1_IRQHandler)
    DebugMon_Handler                         0x08000449   Thumb Code     2  stm32f1xx_it.o(i.DebugMon_Handler)
    Error_Handler                            0x0800044b   Thumb Code     6  main.o(i.Error_Handler)
    HAL_CAN_ActivateNotification             0x08000451   Thumb Code    42  stm32f1xx_hal_can.o(i.HAL_CAN_ActivateNotification)
    HAL_CAN_AddTxMessage                     0x0800047b   Thumb Code   330  stm32f1xx_hal_can.o(i.HAL_CAN_AddTxMessage)
    HAL_CAN_ConfigFilter                     0x080005c5   Thumb Code   266  stm32f1xx_hal_can.o(i.HAL_CAN_ConfigFilter)
    HAL_CAN_ErrorCallback                    0x080006cf   Thumb Code     2  stm32f1xx_hal_can.o(i.HAL_CAN_ErrorCallback)
    HAL_CAN_GetRxMessage                     0x080006d1   Thumb Code   404  stm32f1xx_hal_can.o(i.HAL_CAN_GetRxMessage)
    HAL_CAN_IRQHandler                       0x08000865   Thumb Code   590  stm32f1xx_hal_can.o(i.HAL_CAN_IRQHandler)
    HAL_CAN_Init                             0x08000ab3   Thumb Code   372  stm32f1xx_hal_can.o(i.HAL_CAN_Init)
    HAL_CAN_MspInit                          0x08000c29   Thumb Code   170  can.o(i.HAL_CAN_MspInit)
    HAL_CAN_RxFifo0FullCallback              0x08000ce1   Thumb Code     2  stm32f1xx_hal_can.o(i.HAL_CAN_RxFifo0FullCallback)
    HAL_CAN_RxFifo0MsgPendingCallback        0x08000ce5   Thumb Code   434  can_feedback.o(i.HAL_CAN_RxFifo0MsgPendingCallback)
    HAL_CAN_RxFifo1FullCallback              0x08000ead   Thumb Code     2  stm32f1xx_hal_can.o(i.HAL_CAN_RxFifo1FullCallback)
    HAL_CAN_RxFifo1MsgPendingCallback        0x08000eaf   Thumb Code     2  stm32f1xx_hal_can.o(i.HAL_CAN_RxFifo1MsgPendingCallback)
    HAL_CAN_SleepCallback                    0x08000eb1   Thumb Code     2  stm32f1xx_hal_can.o(i.HAL_CAN_SleepCallback)
    HAL_CAN_Start                            0x08000eb3   Thumb Code    94  stm32f1xx_hal_can.o(i.HAL_CAN_Start)
    HAL_CAN_TxMailbox0AbortCallback          0x08000f11   Thumb Code     2  stm32f1xx_hal_can.o(i.HAL_CAN_TxMailbox0AbortCallback)
    HAL_CAN_TxMailbox0CompleteCallback       0x08000f13   Thumb Code     2  stm32f1xx_hal_can.o(i.HAL_CAN_TxMailbox0CompleteCallback)
    HAL_CAN_TxMailbox1AbortCallback          0x08000f15   Thumb Code     2  stm32f1xx_hal_can.o(i.HAL_CAN_TxMailbox1AbortCallback)
    HAL_CAN_TxMailbox1CompleteCallback       0x08000f17   Thumb Code     2  stm32f1xx_hal_can.o(i.HAL_CAN_TxMailbox1CompleteCallback)
    HAL_CAN_TxMailbox2AbortCallback          0x08000f19   Thumb Code     2  stm32f1xx_hal_can.o(i.HAL_CAN_TxMailbox2AbortCallback)
    HAL_CAN_TxMailbox2CompleteCallback       0x08000f1b   Thumb Code     2  stm32f1xx_hal_can.o(i.HAL_CAN_TxMailbox2CompleteCallback)
    HAL_CAN_WakeUpFromRxMsgCallback          0x08000f1d   Thumb Code     2  stm32f1xx_hal_can.o(i.HAL_CAN_WakeUpFromRxMsgCallback)
    HAL_GPIO_Init                            0x08000f21   Thumb Code   766  stm32f1xx_hal_gpio.o(i.HAL_GPIO_Init)
    HAL_GPIO_WritePin                        0x08001241   Thumb Code    12  stm32f1xx_hal_gpio.o(i.HAL_GPIO_WritePin)
    HAL_GetTick                              0x0800124d   Thumb Code     6  stm32f1xx_hal.o(i.HAL_GetTick)
    HAL_IncTick                              0x08001259   Thumb Code    16  stm32f1xx_hal.o(i.HAL_IncTick)
    HAL_Init                                 0x08001271   Thumb Code    34  stm32f1xx_hal.o(i.HAL_Init)
    HAL_InitTick                             0x08001299   Thumb Code   158  stm32f1xx_hal_timebase_tim.o(i.HAL_InitTick)
    HAL_MspInit                              0x0800134d   Thumb Code    86  stm32f1xx_hal_msp.o(i.HAL_MspInit)
    HAL_NVIC_EnableIRQ                       0x080013ad   Thumb Code    32  stm32f1xx_hal_cortex.o(i.HAL_NVIC_EnableIRQ)
    HAL_NVIC_SetPriority                     0x080013cd   Thumb Code   124  stm32f1xx_hal_cortex.o(i.HAL_NVIC_SetPriority)
    HAL_NVIC_SetPriorityGrouping             0x08001449   Thumb Code    32  stm32f1xx_hal_cortex.o(i.HAL_NVIC_SetPriorityGrouping)
    HAL_RCC_ClockConfig                      0x08001471   Thumb Code   376  stm32f1xx_hal_rcc.o(i.HAL_RCC_ClockConfig)
    HAL_RCC_GetClockConfig                   0x080015fd   Thumb Code    58  stm32f1xx_hal_rcc.o(i.HAL_RCC_GetClockConfig)
    HAL_RCC_GetHCLKFreq                      0x08001641   Thumb Code     6  stm32f1xx_hal_rcc.o(i.HAL_RCC_GetHCLKFreq)
    HAL_RCC_GetPCLK1Freq                     0x0800164d   Thumb Code    22  stm32f1xx_hal_rcc.o(i.HAL_RCC_GetPCLK1Freq)
    HAL_RCC_GetSysClockFreq                  0x0800166d   Thumb Code    92  stm32f1xx_hal_rcc.o(i.HAL_RCC_GetSysClockFreq)
    HAL_RCC_OscConfig                        0x080016dd   Thumb Code  1114  stm32f1xx_hal_rcc.o(i.HAL_RCC_OscConfig)
    HAL_SPI_Init                             0x08001b41   Thumb Code   190  stm32f1xx_hal_spi.o(i.HAL_SPI_Init)
    HAL_SPI_MspInit                          0x08001c01   Thumb Code   120  spi.o(i.HAL_SPI_MspInit)
    HAL_SPI_TransmitReceive                  0x08001c85   Thumb Code   576  stm32f1xx_hal_spi.o(i.HAL_SPI_TransmitReceive)
    HAL_TIMEx_BreakCallback                  0x08001ec5   Thumb Code     2  stm32f1xx_hal_tim_ex.o(i.HAL_TIMEx_BreakCallback)
    HAL_TIMEx_CommutCallback                 0x08001ec7   Thumb Code     2  stm32f1xx_hal_tim_ex.o(i.HAL_TIMEx_CommutCallback)
    HAL_TIM_Base_Init                        0x08001ec9   Thumb Code   102  stm32f1xx_hal_tim.o(i.HAL_TIM_Base_Init)
    HAL_TIM_Base_MspInit                     0x08001f2f   Thumb Code     2  stm32f1xx_hal_tim.o(i.HAL_TIM_Base_MspInit)
    HAL_TIM_Base_Start_IT                    0x08001f31   Thumb Code   106  stm32f1xx_hal_tim.o(i.HAL_TIM_Base_Start_IT)
    HAL_TIM_IC_CaptureCallback               0x08001fa9   Thumb Code     2  stm32f1xx_hal_tim.o(i.HAL_TIM_IC_CaptureCallback)
    HAL_TIM_IRQHandler                       0x08001fab   Thumb Code   406  stm32f1xx_hal_tim.o(i.HAL_TIM_IRQHandler)
    HAL_TIM_OC_DelayElapsedCallback          0x08002141   Thumb Code     2  stm32f1xx_hal_tim.o(i.HAL_TIM_OC_DelayElapsedCallback)
    HAL_TIM_PWM_PulseFinishedCallback        0x08002143   Thumb Code     2  stm32f1xx_hal_tim.o(i.HAL_TIM_PWM_PulseFinishedCallback)
    HAL_TIM_PeriodElapsedCallback            0x08002145   Thumb Code    18  main.o(i.HAL_TIM_PeriodElapsedCallback)
    HAL_TIM_TriggerCallback                  0x0800215d   Thumb Code     2  stm32f1xx_hal_tim.o(i.HAL_TIM_TriggerCallback)
    HardFault_Handler                        0x0800215f   Thumb Code     4  stm32f1xx_it.o(i.HardFault_Handler)
    MT6816_Task                              0x08002165   Thumb Code   342  motor_task.o(i.MT6816_Task)
    MX_CAN_Init                              0x08002315   Thumb Code    62  can.o(i.MX_CAN_Init)
    MX_FREERTOS_Init                         0x0800235d   Thumb Code    30  freertos.o(i.MX_FREERTOS_Init)
    MX_GPIO_Init                             0x08002385   Thumb Code   104  gpio.o(i.MX_GPIO_Init)
    MX_SPI1_Init                             0x080023f5   Thumb Code    62  spi.o(i.MX_SPI1_Init)
    MemManage_Handler                        0x0800243d   Thumb Code     4  stm32f1xx_it.o(i.MemManage_Handler)
    NMI_Handler                              0x08002441   Thumb Code     4  stm32f1xx_it.o(i.NMI_Handler)
    PID_calc                                 0x08002445   Thumb Code   410  pid.o(i.PID_calc)
    PID_init                                 0x080025df   Thumb Code    70  pid.o(i.PID_init)
    StartDefaultTask                         0x0800274d   Thumb Code    90  motor_task.o(i.StartDefaultTask)
    SysTick_Handler                          0x080027b1   Thumb Code    46  port.o(i.SysTick_Handler)
    SystemClock_Config                       0x080027e5   Thumb Code   102  main.o(i.SystemClock_Config)
    SystemInit                               0x0800284b   Thumb Code     2  system_stm32f1xx.o(i.SystemInit)
    TIM4_IRQHandler                          0x0800284d   Thumb Code    10  stm32f1xx_it.o(i.TIM4_IRQHandler)
    TIM_Base_SetConfig                       0x0800285d   Thumb Code   104  stm32f1xx_hal_tim.o(i.TIM_Base_SetConfig)
    USB_HP_CAN1_TX_IRQHandler                0x080028d1   Thumb Code    10  stm32f1xx_it.o(i.USB_HP_CAN1_TX_IRQHandler)
    USB_LP_CAN1_RX0_IRQHandler               0x080028e1   Thumb Code    10  stm32f1xx_it.o(i.USB_LP_CAN1_RX0_IRQHandler)
    UsageFault_Handler                       0x080028f1   Thumb Code     4  stm32f1xx_it.o(i.UsageFault_Handler)
    __ARM_fpclassify                         0x080028f5   Thumb Code    40  fpclassify.o(i.__ARM_fpclassify)
    __ARM_fpclassifyf                        0x0800291d   Thumb Code    38  fpclassifyf.o(i.__ARM_fpclassifyf)
    __kernel_poly                            0x0800297d   Thumb Code   170  poly.o(i.__kernel_poly)
    __mathlib_dbl_infnan                     0x08002a27   Thumb Code     6  dunder.o(i.__mathlib_dbl_infnan)
    __mathlib_dbl_infnan2                    0x08002a2d   Thumb Code     4  dunder.o(i.__mathlib_dbl_infnan2)
    __mathlib_dbl_underflow                  0x08002a31   Thumb Code    10  dunder.o(i.__mathlib_dbl_underflow)
    __mathlib_flt_divzero                    0x08002a41   Thumb Code    10  funder.o(i.__mathlib_flt_divzero)
    __mathlib_flt_infnan2                    0x08002a4b   Thumb Code     4  funder.o(i.__mathlib_flt_infnan2)
    __mathlib_flt_invalid                    0x08002a4f   Thumb Code     8  funder.o(i.__mathlib_flt_invalid)
    __mathlib_flt_overflow                   0x08002a57   Thumb Code    10  funder.o(i.__mathlib_flt_overflow)
    __mathlib_flt_underflow                  0x08002a61   Thumb Code    10  funder.o(i.__mathlib_flt_underflow)
    atan                                     0x08002a6d   Thumb Code   474  atan.o(i.atan)
    atan2                                    0x08002c8d   Thumb Code   374  atan2.o(i.atan2)
    atan2f                                   0x08002e29   Thumb Code   598  atan2f.o(i.atan2f)
    can_filter_init                          0x080030cd   Thumb Code    56  main.o(i.can_filter_init)
    can_motor_send                           0x08003109   Thumb Code    74  can_feedback.o(i.can_motor_send)
    chassis_behavier_get                     0x08003161   Thumb Code    76  motor_task.o(i.chassis_behavier_get)
    chassis_mode                             0x080031ad   Thumb Code    42  motor_task.o(i.chassis_mode)
    chassis_rc_slove                         0x080031d9   Thumb Code  2360  motor_task.o(i.chassis_rc_slove)
    get_host_measure_1                       0x08003b21   Thumb Code    74  can_feedback.o(i.get_host_measure_1)
    main                                     0x08003b6d   Thumb Code    56  main.o(i.main)
    osKernelStart                            0x08003bb7   Thumb Code    10  cmsis_os.o(i.osKernelStart)
    osThreadCreate                           0x08003bc1   Thumb Code    94  cmsis_os.o(i.osThreadCreate)
    __mathlib_powf                           0x08003c21   Thumb Code     0  powf.o(i.powf)
    powf                                     0x08003c21   Thumb Code  1548  powf.o(i.powf)
    pvPortMalloc                             0x080046b9   Thumb Code   296  heap_4.o(i.pvPortMalloc)
    pxPortInitialiseStack                    0x080047f5   Thumb Code    30  port.o(i.pxPortInitialiseStack)
    sqrtf                                    0x08004819   Thumb Code    44  sqrtf.o(i.sqrtf)
    system_init                              0x08004845   Thumb Code   150  motor_task.o(i.system_init)
    uxListRemove                             0x08004915   Thumb Code    40  list.o(i.uxListRemove)
    vApplicationGetIdleTaskMemory            0x0800493d   Thumb Code    14  freertos.o(i.vApplicationGetIdleTaskMemory)
    vListInitialise                          0x08004955   Thumb Code    26  list.o(i.vListInitialise)
    vListInitialiseItem                      0x0800496f   Thumb Code     6  list.o(i.vListInitialiseItem)
    vListInsert                              0x08004975   Thumb Code    52  list.o(i.vListInsert)
    vListInsertEnd                           0x080049a9   Thumb Code    24  list.o(i.vListInsertEnd)
    vPortEnterCritical                       0x080049c1   Thumb Code    76  port.o(i.vPortEnterCritical)
    vPortExitCritical                        0x08004a15   Thumb Code    56  port.o(i.vPortExitCritical)
    vPortFree                                0x08004a51   Thumb Code   140  heap_4.o(i.vPortFree)
    vPortSetupTimerInterrupt                 0x08004ae5   Thumb Code    36  port.o(i.vPortSetupTimerInterrupt)
    vTaskDelay                               0x08004b0d   Thumb Code    82  tasks.o(i.vTaskDelay)
    vTaskDelete                              0x08004b69   Thumb Code   202  tasks.o(i.vTaskDelete)
    vTaskStartScheduler                      0x08004c5d   Thumb Code   146  tasks.o(i.vTaskStartScheduler)
    vTaskSuspendAll                          0x08004d0d   Thumb Code    12  tasks.o(i.vTaskSuspendAll)
    vTaskSwitchContext                       0x08004d1d   Thumb Code   118  tasks.o(i.vTaskSwitchContext)
    xPortStartScheduler                      0x08004da9   Thumb Code   228  port.o(i.xPortStartScheduler)
    xTaskCreate                              0x08004ea1   Thumb Code   100  tasks.o(i.xTaskCreate)
    xTaskCreateStatic                        0x08004f05   Thumb Code   184  tasks.o(i.xTaskCreateStatic)
    xTaskIncrementTick                       0x08004fbd   Thumb Code   282  tasks.o(i.xTaskIncrementTick)
    xTaskResumeAll                           0x08005105   Thumb Code   224  tasks.o(i.xTaskResumeAll)
    __aeabi_d2f                              0x08005209   Thumb Code     0  d2f.o(x$fpl$d2f)
    _d2f                                     0x08005209   Thumb Code    98  d2f.o(x$fpl$d2f)
    __aeabi_dadd                             0x0800526d   Thumb Code     0  daddsub_clz.o(x$fpl$dadd)
    _dadd                                    0x0800526d   Thumb Code   332  daddsub_clz.o(x$fpl$dadd)
    __fpl_dcheck_NaN1                        0x080053bd   Thumb Code    10  dcheck1.o(x$fpl$dcheck1)
    __fpl_dcmp_Inf                           0x080053cd   Thumb Code    24  dcmpi.o(x$fpl$dcmpinf)
    __aeabi_ddiv                             0x080053e5   Thumb Code     0  ddiv.o(x$fpl$ddiv)
    _ddiv                                    0x080053e5   Thumb Code   552  ddiv.o(x$fpl$ddiv)
    __aeabi_cdcmpeq                          0x08005695   Thumb Code     0  deqf.o(x$fpl$deqf)
    _dcmpeq                                  0x08005695   Thumb Code   120  deqf.o(x$fpl$deqf)
    __aeabi_d2iz                             0x0800570d   Thumb Code     0  dfix.o(x$fpl$dfix)
    _dfix                                    0x0800570d   Thumb Code    94  dfix.o(x$fpl$dfix)
    __aeabi_i2d                              0x0800576b   Thumb Code     0  dflt_clz.o(x$fpl$dflt)
    _dflt                                    0x0800576b   Thumb Code    46  dflt_clz.o(x$fpl$dflt)
    __aeabi_ui2d                             0x08005799   Thumb Code     0  dflt_clz.o(x$fpl$dfltu)
    _dfltu                                   0x08005799   Thumb Code    38  dflt_clz.o(x$fpl$dfltu)
    __aeabi_cdcmple                          0x080057c1   Thumb Code     0  dleqf.o(x$fpl$dleqf)
    _dcmple                                  0x080057c1   Thumb Code   120  dleqf.o(x$fpl$dleqf)
    __fpl_dcmple_InfNaN                      0x08005823   Thumb Code     0  dleqf.o(x$fpl$dleqf)
    __aeabi_dmul                             0x08005839   Thumb Code     0  dmul.o(x$fpl$dmul)
    _dmul                                    0x08005839   Thumb Code   332  dmul.o(x$fpl$dmul)
    __fpl_dnaninf                            0x0800598d   Thumb Code   156  dnaninf.o(x$fpl$dnaninf)
    __fpl_dretinf                            0x08005a29   Thumb Code    12  dretinf.o(x$fpl$dretinf)
    __aeabi_cdrcmple                         0x08005a35   Thumb Code     0  drleqf.o(x$fpl$drleqf)
    _drcmple                                 0x08005a35   Thumb Code   108  drleqf.o(x$fpl$drleqf)
    __aeabi_drsub                            0x08005aa1   Thumb Code     0  daddsub_clz.o(x$fpl$drsb)
    _drsb                                    0x08005aa1   Thumb Code    22  daddsub_clz.o(x$fpl$drsb)
    __aeabi_dsub                             0x08005ab9   Thumb Code     0  daddsub_clz.o(x$fpl$dsub)
    _dsub                                    0x08005ab9   Thumb Code   464  daddsub_clz.o(x$fpl$dsub)
    __aeabi_f2d                              0x08005c8d   Thumb Code     0  f2d.o(x$fpl$f2d)
    _f2d                                     0x08005c8d   Thumb Code    86  f2d.o(x$fpl$f2d)
    __aeabi_fadd                             0x08005ce5   Thumb Code     0  faddsub_clz.o(x$fpl$fadd)
    _fadd                                    0x08005ce5   Thumb Code   196  faddsub_clz.o(x$fpl$fadd)
    __fpl_fcheck_NaN1                        0x08005da9   Thumb Code     6  fcheck1.o(x$fpl$fcheck1)
    __fpl_fcmp_Inf                           0x08005db5   Thumb Code    24  fcmpi.o(x$fpl$fcmpinf)
    __aeabi_fdiv                             0x08005dcd   Thumb Code     0  fdiv.o(x$fpl$fdiv)
    _fdiv                                    0x08005dcd   Thumb Code   384  fdiv.o(x$fpl$fdiv)
    __aeabi_cfcmpeq                          0x08005f51   Thumb Code     0  feqf.o(x$fpl$feqf)
    _fcmpeq                                  0x08005f51   Thumb Code   104  feqf.o(x$fpl$feqf)
    __aeabi_f2iz                             0x08005fb9   Thumb Code     0  ffix.o(x$fpl$ffix)
    _ffix                                    0x08005fb9   Thumb Code    54  ffix.o(x$fpl$ffix)
    _ffix_r                                  0x08005ff1   Thumb Code    82  ffix.o(x$fpl$ffixr)
    __aeabi_i2f                              0x08006045   Thumb Code     0  fflt_clz.o(x$fpl$fflt)
    _fflt                                    0x08006045   Thumb Code    48  fflt_clz.o(x$fpl$fflt)
    __aeabi_cfcmple                          0x08006075   Thumb Code     0  fleqf.o(x$fpl$fleqf)
    _fcmple                                  0x08006075   Thumb Code   104  fleqf.o(x$fpl$fleqf)
    __fpl_fcmple_InfNaN                      0x080060c7   Thumb Code     0  fleqf.o(x$fpl$fleqf)
    __aeabi_fmul                             0x080060dd   Thumb Code     0  fmul.o(x$fpl$fmul)
    _fmul                                    0x080060dd   Thumb Code   258  fmul.o(x$fpl$fmul)
    __fpl_fnaninf                            0x080061df   Thumb Code   140  fnaninf.o(x$fpl$fnaninf)
    __fpl_fretinf                            0x0800626b   Thumb Code    10  fretinf.o(x$fpl$fretinf)
    __aeabi_cfrcmple                         0x08006275   Thumb Code     0  frleqf.o(x$fpl$frleqf)
    _frcmple                                 0x08006275   Thumb Code    98  frleqf.o(x$fpl$frleqf)
    __aeabi_frsub                            0x080062d7   Thumb Code     0  faddsub_clz.o(x$fpl$frsb)
    _frsb                                    0x080062d7   Thumb Code    20  faddsub_clz.o(x$fpl$frsb)
    _fsqrt                                   0x080062ed   Thumb Code   272  fsqrt.o(x$fpl$fsqrt)
    __aeabi_fsub                             0x080063fd   Thumb Code     0  faddsub_clz.o(x$fpl$fsub)
    _fsub                                    0x080063fd   Thumb Code   234  faddsub_clz.o(x$fpl$fsub)
    __fpl_return_NaN                         0x080064e7   Thumb Code   100  retnan.o(x$fpl$retnan)
    __ARM_scalbn                             0x0800654b   Thumb Code    92  scalbn.o(x$fpl$scalbn)
    __ARM_scalbnf                            0x080065a7   Thumb Code    76  scalbnf.o(x$fpl$scalbnf)
    __fpl_cmpreturn                          0x080065f3   Thumb Code    48  trapv.o(x$fpl$trapveneer)
    __I$use$fp                               0x08006622   Number         0  usenofp.o(x$fpl$usenofp)
    AHBPrescTable                            0x08006652   Data          16  system_stm32f1xx.o(.constdata)
    APBPrescTable                            0x08006662   Data           8  system_stm32f1xx.o(.constdata)
    __mathlib_zero                           0x08006860   Data           8  qnan.o(.constdata)
    Region$$Table$$Base                      0x08006880   Number         0  anon$$obj.o(Region$$Table)
    Region$$Table$$Limit                     0x080068a0   Number         0  anon$$obj.o(Region$$Table)
    MT6816TaskHandle                         0x20000000   Data           4  freertos.o(.data)
    defaultTaskHandle                        0x20000004   Data           4  freertos.o(.data)
    uwTick                                   0x20000008   Data           4  stm32f1xx_hal.o(.data)
    uwTickPrio                               0x2000000c   Data           4  stm32f1xx_hal.o(.data)
    uwTickFreq                               0x20000010   Data           1  stm32f1xx_hal.o(.data)
    SystemCoreClock                          0x20000014   Data           4  system_stm32f1xx.o(.data)
    pxCurrentTCB                             0x20000018   Data           4  tasks.o(.data)
    rx_data                                  0x20000078   Data           8  can_feedback.o(.data)
    Data_can_tx                              0x20000080   Data           8  can_feedback.o(.data)
    box                                      0x20000088   Data           4  can_feedback.o(.data)
    rc_ch_0                                  0x2000008c   Data           4  can_feedback.o(.data)
    rc_ch_2                                  0x20000090   Data           4  can_feedback.o(.data)
    rc_ch_3                                  0x20000094   Data           4  can_feedback.o(.data)
    data_t                                   0x20000098   Data           3  motor_task.o(.data)
    data_r                                   0x2000009b   Data           4  motor_task.o(.data)
    i                                        0x200000a0   Data           2  motor_task.o(.data)
    angle                                    0x200000a4   Data           4  motor_task.o(.data)
    angle____set                             0x200000a8   Data           4  motor_task.o(.data)
    angle_slove                              0x200000ac   Data           4  motor_task.o(.data)
    my_start_all_ecd                         0x200000b0   Data           4  motor_task.o(.data)
    flag_2006_all_ecd                        0x200000b4   Data           4  motor_task.o(.data)
    all_ecd_2006_first                       0x200000b8   Data           4  motor_task.o(.data)
    x                                        0x200000bc   Data           4  motor_task.o(.data)
    y                                        0x200000c0   Data           4  motor_task.o(.data)
    z                                        0x200000c4   Data           4  motor_task.o(.data)
    c                                        0x200000c8   Data           4  motor_task.o(.data)
    Delay_Task                               0x200000cc   Data           4  motor_task.o(.data)
    speed_set                                0x200000d0   Data           4  motor_task.o(.data)
    angle_set                                0x200000d4   Data           4  motor_task.o(.data)
    cos45                                    0x200000d8   Data           8  motor_task.o(.data)
    hcan                                     0x20000334   Data          40  can.o(.bss)
    hspi1                                    0x2000035c   Data          88  spi.o(.bss)
    htim4                                    0x200003b4   Data          72  stm32f1xx_hal_timebase_tim.o(.bss)
    chassis_                                 0x200010ec   Data         580  can_feedback.o(.bss)
    rx_header                                0x20001350   Data          28  can_feedback.o(.bss)
    __libspace_start                         0x2000136c   Data          96  libspace.o(.bss)
    __temporary_stack_top$libspace           0x200013cc   Data           0  libspace.o(.bss)



==============================================================================

Memory Map of the image

  Image Entry point : 0x080000ed

  Load Region LR_IROM1 (Base: 0x08000000, Size: 0x00006980, Max: 0x00020000, ABSOLUTE)

    Execution Region ER_IROM1 (Exec base: 0x08000000, Load base: 0x08000000, Size: 0x000068a0, Max: 0x00020000, ABSOLUTE)

    Exec Addr    Load Addr    Size         Type   Attr      Idx    E Section Name        Object

    0x08000000   0x08000000   0x000000ec   Data   RO            3    RESET               startup_stm32f103xb.o
    0x080000ec   0x080000ec   0x00000008   Code   RO         4583  * !!!main             c_w.l(__main.o)
    0x080000f4   0x080000f4   0x00000034   Code   RO         4919    !!!scatter          c_w.l(__scatter.o)
    0x08000128   0x08000128   0x0000001a   Code   RO         4921    !!handler_copy      c_w.l(__scatter_copy.o)
    0x08000142   0x08000142   0x00000002   PAD
    0x08000144   0x08000144   0x0000001c   Code   RO         4923    !!handler_zi        c_w.l(__scatter_zi.o)
    0x08000160   0x08000160   0x00000002   Code   RO         4784    .ARM.Collect$$libinit$$00000000  c_w.l(libinit.o)
    0x08000162   0x08000162   0x00000000   Code   RO         4792    .ARM.Collect$$libinit$$00000002  c_w.l(libinit2.o)
    0x08000162   0x08000162   0x00000000   Code   RO         4794    .ARM.Collect$$libinit$$00000004  c_w.l(libinit2.o)
    0x08000162   0x08000162   0x00000000   Code   RO         4797    .ARM.Collect$$libinit$$0000000A  c_w.l(libinit2.o)
    0x08000162   0x08000162   0x00000000   Code   RO         4799    .ARM.Collect$$libinit$$0000000C  c_w.l(libinit2.o)
    0x08000162   0x08000162   0x00000000   Code   RO         4801    .ARM.Collect$$libinit$$0000000E  c_w.l(libinit2.o)
    0x08000162   0x08000162   0x00000000   Code   RO         4804    .ARM.Collect$$libinit$$00000011  c_w.l(libinit2.o)
    0x08000162   0x08000162   0x00000000   Code   RO         4806    .ARM.Collect$$libinit$$00000013  c_w.l(libinit2.o)
    0x08000162   0x08000162   0x00000000   Code   RO         4808    .ARM.Collect$$libinit$$00000015  c_w.l(libinit2.o)
    0x08000162   0x08000162   0x00000000   Code   RO         4810    .ARM.Collect$$libinit$$00000017  c_w.l(libinit2.o)
    0x08000162   0x08000162   0x00000000   Code   RO         4812    .ARM.Collect$$libinit$$00000019  c_w.l(libinit2.o)
    0x08000162   0x08000162   0x00000000   Code   RO         4814    .ARM.Collect$$libinit$$0000001B  c_w.l(libinit2.o)
    0x08000162   0x08000162   0x00000000   Code   RO         4816    .ARM.Collect$$libinit$$0000001D  c_w.l(libinit2.o)
    0x08000162   0x08000162   0x00000000   Code   RO         4818    .ARM.Collect$$libinit$$0000001F  c_w.l(libinit2.o)
    0x08000162   0x08000162   0x00000000   Code   RO         4820    .ARM.Collect$$libinit$$00000021  c_w.l(libinit2.o)
    0x08000162   0x08000162   0x00000000   Code   RO         4822    .ARM.Collect$$libinit$$00000023  c_w.l(libinit2.o)
    0x08000162   0x08000162   0x00000000   Code   RO         4824    .ARM.Collect$$libinit$$00000025  c_w.l(libinit2.o)
    0x08000162   0x08000162   0x00000000   Code   RO         4828    .ARM.Collect$$libinit$$0000002C  c_w.l(libinit2.o)
    0x08000162   0x08000162   0x00000000   Code   RO         4830    .ARM.Collect$$libinit$$0000002E  c_w.l(libinit2.o)
    0x08000162   0x08000162   0x00000000   Code   RO         4832    .ARM.Collect$$libinit$$00000030  c_w.l(libinit2.o)
    0x08000162   0x08000162   0x00000000   Code   RO         4834    .ARM.Collect$$libinit$$00000032  c_w.l(libinit2.o)
    0x08000162   0x08000162   0x00000002   Code   RO         4835    .ARM.Collect$$libinit$$00000033  c_w.l(libinit2.o)
    0x08000164   0x08000164   0x00000002   Code   RO         4857    .ARM.Collect$$libshutdown$$00000000  c_w.l(libshutdown.o)
    0x08000166   0x08000166   0x00000000   Code   RO         4870    .ARM.Collect$$libshutdown$$00000002  c_w.l(libshutdown2.o)
    0x08000166   0x08000166   0x00000000   Code   RO         4872    .ARM.Collect$$libshutdown$$00000004  c_w.l(libshutdown2.o)
    0x08000166   0x08000166   0x00000000   Code   RO         4874    .ARM.Collect$$libshutdown$$00000006  c_w.l(libshutdown2.o)
    0x08000166   0x08000166   0x00000000   Code   RO         4877    .ARM.Collect$$libshutdown$$00000009  c_w.l(libshutdown2.o)
    0x08000166   0x08000166   0x00000000   Code   RO         4880    .ARM.Collect$$libshutdown$$0000000C  c_w.l(libshutdown2.o)
    0x08000166   0x08000166   0x00000000   Code   RO         4882    .ARM.Collect$$libshutdown$$0000000E  c_w.l(libshutdown2.o)
    0x08000166   0x08000166   0x00000000   Code   RO         4885    .ARM.Collect$$libshutdown$$00000011  c_w.l(libshutdown2.o)
    0x08000166   0x08000166   0x00000002   Code   RO         4886    .ARM.Collect$$libshutdown$$00000012  c_w.l(libshutdown2.o)
    0x08000168   0x08000168   0x00000000   Code   RO         4671    .ARM.Collect$$rtentry$$00000000  c_w.l(__rtentry.o)
    0x08000168   0x08000168   0x00000000   Code   RO         4743    .ARM.Collect$$rtentry$$00000002  c_w.l(__rtentry2.o)
    0x08000168   0x08000168   0x00000006   Code   RO         4755    .ARM.Collect$$rtentry$$00000004  c_w.l(__rtentry4.o)
    0x0800016e   0x0800016e   0x00000000   Code   RO         4745    .ARM.Collect$$rtentry$$00000009  c_w.l(__rtentry2.o)
    0x0800016e   0x0800016e   0x00000004   Code   RO         4746    .ARM.Collect$$rtentry$$0000000A  c_w.l(__rtentry2.o)
    0x08000172   0x08000172   0x00000000   Code   RO         4748    .ARM.Collect$$rtentry$$0000000C  c_w.l(__rtentry2.o)
    0x08000172   0x08000172   0x00000008   Code   RO         4749    .ARM.Collect$$rtentry$$0000000D  c_w.l(__rtentry2.o)
    0x0800017a   0x0800017a   0x00000002   Code   RO         4789    .ARM.Collect$$rtexit$$00000000  c_w.l(rtexit.o)
    0x0800017c   0x0800017c   0x00000000   Code   RO         4839    .ARM.Collect$$rtexit$$00000002  c_w.l(rtexit2.o)
    0x0800017c   0x0800017c   0x00000004   Code   RO         4840    .ARM.Collect$$rtexit$$00000003  c_w.l(rtexit2.o)
    0x08000180   0x08000180   0x00000006   Code   RO         4841    .ARM.Collect$$rtexit$$00000004  c_w.l(rtexit2.o)
    0x08000186   0x08000186   0x00000002   PAD
    0x08000188   0x08000188   0x00000096   Code   RO         4346    .emb_text           port.o
    0x0800021e   0x0800021e   0x00000002   PAD
    0x08000220   0x08000220   0x00000040   Code   RO            4    .text               startup_stm32f103xb.o
    0x08000260   0x08000260   0x0000008a   Code   RO         4573    .text               c_w.l(rt_memcpy_v6.o)
    0x080002ea   0x080002ea   0x00000064   Code   RO         4575    .text               c_w.l(rt_memcpy_w.o)
    0x0800034e   0x0800034e   0x0000004e   Code   RO         4579    .text               c_w.l(rt_memclr_w.o)
    0x0800039c   0x0800039c   0x00000006   Code   RO         4581    .text               c_w.l(heapauxi.o)
    0x080003a2   0x080003a2   0x00000016   Code   RO         4672    .text               c_w.l(_rserrno.o)
    0x080003b8   0x080003b8   0x00000008   Code   RO         4760    .text               c_w.l(rt_errno_addr_intlibspace.o)
    0x080003c0   0x080003c0   0x00000008   Code   RO         4772    .text               c_w.l(libspace.o)
    0x080003c8   0x080003c8   0x0000004a   Code   RO         4775    .text               c_w.l(sys_stackheap_outer.o)
    0x08000412   0x08000412   0x00000012   Code   RO         4777    .text               c_w.l(exit.o)
    0x08000424   0x08000424   0x0000000c   Code   RO         4849    .text               c_w.l(sys_exit.o)
    0x08000430   0x08000430   0x00000002   Code   RO         4860    .text               c_w.l(use_no_semi.o)
    0x08000432   0x08000432   0x00000000   Code   RO         4862    .text               c_w.l(indicate_semi.o)
    0x08000432   0x08000432   0x00000004   Code   RO          366    i.BusFault_Handler  stm32f1xx_it.o
    0x08000436   0x08000436   0x00000002   PAD
    0x08000438   0x08000438   0x00000010   Code   RO          367    i.CAN1_RX1_IRQHandler  stm32f1xx_it.o
    0x08000448   0x08000448   0x00000002   Code   RO          368    i.DebugMon_Handler  stm32f1xx_it.o
    0x0800044a   0x0800044a   0x00000006   Code   RO           13    i.Error_Handler     main.o
    0x08000450   0x08000450   0x0000002a   Code   RO          548    i.HAL_CAN_ActivateNotification  stm32f1xx_hal_can.o
    0x0800047a   0x0800047a   0x0000014a   Code   RO          549    i.HAL_CAN_AddTxMessage  stm32f1xx_hal_can.o
    0x080005c4   0x080005c4   0x0000010a   Code   RO          550    i.HAL_CAN_ConfigFilter  stm32f1xx_hal_can.o
    0x080006ce   0x080006ce   0x00000002   Code   RO          553    i.HAL_CAN_ErrorCallback  stm32f1xx_hal_can.o
    0x080006d0   0x080006d0   0x00000194   Code   RO          556    i.HAL_CAN_GetRxMessage  stm32f1xx_hal_can.o
    0x08000864   0x08000864   0x0000024e   Code   RO          560    i.HAL_CAN_IRQHandler  stm32f1xx_hal_can.o
    0x08000ab2   0x08000ab2   0x00000174   Code   RO          561    i.HAL_CAN_Init      stm32f1xx_hal_can.o
    0x08000c26   0x08000c26   0x00000002   PAD
    0x08000c28   0x08000c28   0x000000b8   Code   RO          283    i.HAL_CAN_MspInit   can.o
    0x08000ce0   0x08000ce0   0x00000002   Code   RO          568    i.HAL_CAN_RxFifo0FullCallback  stm32f1xx_hal_can.o
    0x08000ce2   0x08000ce2   0x00000002   PAD
    0x08000ce4   0x08000ce4   0x000001c8   Code   RO         4456    i.HAL_CAN_RxFifo0MsgPendingCallback  can_feedback.o
    0x08000eac   0x08000eac   0x00000002   Code   RO          570    i.HAL_CAN_RxFifo1FullCallback  stm32f1xx_hal_can.o
    0x08000eae   0x08000eae   0x00000002   Code   RO          571    i.HAL_CAN_RxFifo1MsgPendingCallback  stm32f1xx_hal_can.o
    0x08000eb0   0x08000eb0   0x00000002   Code   RO          572    i.HAL_CAN_SleepCallback  stm32f1xx_hal_can.o
    0x08000eb2   0x08000eb2   0x0000005e   Code   RO          573    i.HAL_CAN_Start     stm32f1xx_hal_can.o
    0x08000f10   0x08000f10   0x00000002   Code   RO          575    i.HAL_CAN_TxMailbox0AbortCallback  stm32f1xx_hal_can.o
    0x08000f12   0x08000f12   0x00000002   Code   RO          576    i.HAL_CAN_TxMailbox0CompleteCallback  stm32f1xx_hal_can.o
    0x08000f14   0x08000f14   0x00000002   Code   RO          577    i.HAL_CAN_TxMailbox1AbortCallback  stm32f1xx_hal_can.o
    0x08000f16   0x08000f16   0x00000002   Code   RO          578    i.HAL_CAN_TxMailbox1CompleteCallback  stm32f1xx_hal_can.o
    0x08000f18   0x08000f18   0x00000002   Code   RO          579    i.HAL_CAN_TxMailbox2AbortCallback  stm32f1xx_hal_can.o
    0x08000f1a   0x08000f1a   0x00000002   Code   RO          580    i.HAL_CAN_TxMailbox2CompleteCallback  stm32f1xx_hal_can.o
    0x08000f1c   0x08000f1c   0x00000002   Code   RO          582    i.HAL_CAN_WakeUpFromRxMsgCallback  stm32f1xx_hal_can.o
    0x08000f1e   0x08000f1e   0x00000002   PAD
    0x08000f20   0x08000f20   0x00000320   Code   RO         1103    i.HAL_GPIO_Init     stm32f1xx_hal_gpio.o
    0x08001240   0x08001240   0x0000000c   Code   RO         1107    i.HAL_GPIO_WritePin  stm32f1xx_hal_gpio.o
    0x0800124c   0x0800124c   0x0000000c   Code   RO          792    i.HAL_GetTick       stm32f1xx_hal.o
    0x08001258   0x08001258   0x00000018   Code   RO          798    i.HAL_IncTick       stm32f1xx_hal.o
    0x08001270   0x08001270   0x00000028   Code   RO          799    i.HAL_Init          stm32f1xx_hal.o
    0x08001298   0x08001298   0x000000b4   Code   RO          472    i.HAL_InitTick      stm32f1xx_hal_timebase_tim.o
    0x0800134c   0x0800134c   0x00000060   Code   RO          448    i.HAL_MspInit       stm32f1xx_hal_msp.o
    0x080013ac   0x080013ac   0x00000020   Code   RO         1263    i.HAL_NVIC_EnableIRQ  stm32f1xx_hal_cortex.o
    0x080013cc   0x080013cc   0x0000007c   Code   RO         1269    i.HAL_NVIC_SetPriority  stm32f1xx_hal_cortex.o
    0x08001448   0x08001448   0x00000028   Code   RO         1270    i.HAL_NVIC_SetPriorityGrouping  stm32f1xx_hal_cortex.o
    0x08001470   0x08001470   0x0000018c   Code   RO          956    i.HAL_RCC_ClockConfig  stm32f1xx_hal_rcc.o
    0x080015fc   0x080015fc   0x00000044   Code   RO          960    i.HAL_RCC_GetClockConfig  stm32f1xx_hal_rcc.o
    0x08001640   0x08001640   0x0000000c   Code   RO          961    i.HAL_RCC_GetHCLKFreq  stm32f1xx_hal_rcc.o
    0x0800164c   0x0800164c   0x00000020   Code   RO          963    i.HAL_RCC_GetPCLK1Freq  stm32f1xx_hal_rcc.o
    0x0800166c   0x0800166c   0x00000070   Code   RO          965    i.HAL_RCC_GetSysClockFreq  stm32f1xx_hal_rcc.o
    0x080016dc   0x080016dc   0x00000464   Code   RO          968    i.HAL_RCC_OscConfig  stm32f1xx_hal_rcc.o
    0x08001b40   0x08001b40   0x000000be   Code   RO         1800    i.HAL_SPI_Init      stm32f1xx_hal_spi.o
    0x08001bfe   0x08001bfe   0x00000002   PAD
    0x08001c00   0x08001c00   0x00000084   Code   RO          325    i.HAL_SPI_MspInit   spi.o
    0x08001c84   0x08001c84   0x00000240   Code   RO         1809    i.HAL_SPI_TransmitReceive  stm32f1xx_hal_spi.o
    0x08001ec4   0x08001ec4   0x00000002   Code   RO         2828    i.HAL_TIMEx_BreakCallback  stm32f1xx_hal_tim_ex.o
    0x08001ec6   0x08001ec6   0x00000002   Code   RO         2829    i.HAL_TIMEx_CommutCallback  stm32f1xx_hal_tim_ex.o
    0x08001ec8   0x08001ec8   0x00000066   Code   RO         2113    i.HAL_TIM_Base_Init  stm32f1xx_hal_tim.o
    0x08001f2e   0x08001f2e   0x00000002   Code   RO         2115    i.HAL_TIM_Base_MspInit  stm32f1xx_hal_tim.o
    0x08001f30   0x08001f30   0x00000078   Code   RO         2118    i.HAL_TIM_Base_Start_IT  stm32f1xx_hal_tim.o
    0x08001fa8   0x08001fa8   0x00000002   Code   RO         2147    i.HAL_TIM_IC_CaptureCallback  stm32f1xx_hal_tim.o
    0x08001faa   0x08001faa   0x00000196   Code   RO         2161    i.HAL_TIM_IRQHandler  stm32f1xx_hal_tim.o
    0x08002140   0x08002140   0x00000002   Code   RO         2164    i.HAL_TIM_OC_DelayElapsedCallback  stm32f1xx_hal_tim.o
    0x08002142   0x08002142   0x00000002   Code   RO         2191    i.HAL_TIM_PWM_PulseFinishedCallback  stm32f1xx_hal_tim.o
    0x08002144   0x08002144   0x00000018   Code   RO           14    i.HAL_TIM_PeriodElapsedCallback  main.o
    0x0800215c   0x0800215c   0x00000002   Code   RO         2204    i.HAL_TIM_TriggerCallback  stm32f1xx_hal_tim.o
    0x0800215e   0x0800215e   0x00000004   Code   RO          369    i.HardFault_Handler  stm32f1xx_it.o
    0x08002162   0x08002162   0x00000002   PAD
    0x08002164   0x08002164   0x000001b0   Code   RO         4503    i.MT6816_Task       motor_task.o
    0x08002314   0x08002314   0x00000048   Code   RO          284    i.MX_CAN_Init       can.o
    0x0800235c   0x0800235c   0x00000028   Code   RO          238    i.MX_FREERTOS_Init  freertos.o
    0x08002384   0x08002384   0x00000070   Code   RO          214    i.MX_GPIO_Init      gpio.o
    0x080023f4   0x080023f4   0x00000048   Code   RO          326    i.MX_SPI1_Init      spi.o
    0x0800243c   0x0800243c   0x00000004   Code   RO          370    i.MemManage_Handler  stm32f1xx_it.o
    0x08002440   0x08002440   0x00000004   Code   RO          371    i.NMI_Handler       stm32f1xx_it.o
    0x08002444   0x08002444   0x0000019a   Code   RO         4423    i.PID_calc          pid.o
    0x080025de   0x080025de   0x00000046   Code   RO         4424    i.PID_init          pid.o
    0x08002624   0x08002624   0x00000028   Code   RO          969    i.RCC_Delay         stm32f1xx_hal_rcc.o
    0x0800264c   0x0800264c   0x00000028   Code   RO         1838    i.SPI_EndRxTxTransaction  stm32f1xx_hal_spi.o
    0x08002674   0x08002674   0x000000d8   Code   RO         1843    i.SPI_WaitFlagStateUntilTimeout  stm32f1xx_hal_spi.o
    0x0800274c   0x0800274c   0x00000064   Code   RO         4504    i.StartDefaultTask  motor_task.o
    0x080027b0   0x080027b0   0x00000034   Code   RO         4347    i.SysTick_Handler   port.o
    0x080027e4   0x080027e4   0x00000066   Code   RO           15    i.SystemClock_Config  main.o
    0x0800284a   0x0800284a   0x00000002   Code   RO         3096    i.SystemInit        system_stm32f1xx.o
    0x0800284c   0x0800284c   0x00000010   Code   RO          372    i.TIM4_IRQHandler   stm32f1xx_it.o
    0x0800285c   0x0800285c   0x00000074   Code   RO         2206    i.TIM_Base_SetConfig  stm32f1xx_hal_tim.o
    0x080028d0   0x080028d0   0x00000010   Code   RO          373    i.USB_HP_CAN1_TX_IRQHandler  stm32f1xx_it.o
    0x080028e0   0x080028e0   0x00000010   Code   RO          374    i.USB_LP_CAN1_RX0_IRQHandler  stm32f1xx_it.o
    0x080028f0   0x080028f0   0x00000004   Code   RO          375    i.UsageFault_Handler  stm32f1xx_it.o
    0x080028f4   0x080028f4   0x00000028   Code   RO         4768    i.__ARM_fpclassify  m_ws.l(fpclassify.o)
    0x0800291c   0x0800291c   0x00000026   Code   RO         4725    i.__ARM_fpclassifyf  m_ws.l(fpclassifyf.o)
    0x08002942   0x08002942   0x00000002   PAD
    0x08002944   0x08002944   0x00000010   Code   RO         1276    i.__NVIC_GetPriorityGrouping  stm32f1xx_hal_cortex.o
    0x08002954   0x08002954   0x00000028   Code   RO         1277    i.__NVIC_SetPriority  stm32f1xx_hal_cortex.o
    0x0800297c   0x0800297c   0x000000aa   Code   RO         4770    i.__kernel_poly     m_ws.l(poly.o)
    0x08002a26   0x08002a26   0x00000006   Code   RO         4712    i.__mathlib_dbl_infnan  m_ws.l(dunder.o)
    0x08002a2c   0x08002a2c   0x00000004   Code   RO         4713    i.__mathlib_dbl_infnan2  m_ws.l(dunder.o)
    0x08002a30   0x08002a30   0x00000010   Code   RO         4717    i.__mathlib_dbl_underflow  m_ws.l(dunder.o)
    0x08002a40   0x08002a40   0x0000000a   Code   RO         4727    i.__mathlib_flt_divzero  m_ws.l(funder.o)
    0x08002a4a   0x08002a4a   0x00000004   Code   RO         4729    i.__mathlib_flt_infnan2  m_ws.l(funder.o)
    0x08002a4e   0x08002a4e   0x00000008   Code   RO         4730    i.__mathlib_flt_invalid  m_ws.l(funder.o)
    0x08002a56   0x08002a56   0x0000000a   Code   RO         4731    i.__mathlib_flt_overflow  m_ws.l(funder.o)
    0x08002a60   0x08002a60   0x0000000a   Code   RO         4733    i.__mathlib_flt_underflow  m_ws.l(funder.o)
    0x08002a6a   0x08002a6a   0x00000002   PAD
    0x08002a6c   0x08002a6c   0x00000220   Code   RO         4702    i.atan              m_ws.l(atan.o)
    0x08002c8c   0x08002c8c   0x0000019c   Code   RO         4638    i.atan2             m_ws.l(atan2.o)
    0x08002e28   0x08002e28   0x000002a4   Code   RO         4646    i.atan2f            m_ws.l(atan2f.o)
    0x080030cc   0x080030cc   0x0000003c   Code   RO           16    i.can_filter_init   main.o
    0x08003108   0x08003108   0x00000058   Code   RO         4457    i.can_motor_send    can_feedback.o
    0x08003160   0x08003160   0x0000004c   Code   RO         4505    i.chassis_behavier_get  motor_task.o
    0x080031ac   0x080031ac   0x0000002a   Code   RO         4506    i.chassis_mode      motor_task.o
    0x080031d6   0x080031d6   0x00000002   PAD
    0x080031d8   0x080031d8   0x00000948   Code   RO         4507    i.chassis_rc_slove  motor_task.o
    0x08003b20   0x08003b20   0x0000004a   Code   RO         4458    i.get_host_measure_1  can_feedback.o
    0x08003b6a   0x08003b6a   0x00000002   PAD
    0x08003b6c   0x08003b6c   0x0000003c   Code   RO           17    i.main              main.o
    0x08003ba8   0x08003ba8   0x0000000e   Code   RO         3918    i.makeFreeRtosPriority  cmsis_os.o
    0x08003bb6   0x08003bb6   0x0000000a   Code   RO         3923    i.osKernelStart     cmsis_os.o
    0x08003bc0   0x08003bc0   0x0000005e   Code   RO         3957    i.osThreadCreate    cmsis_os.o
    0x08003c1e   0x08003c1e   0x00000002   PAD
    0x08003c20   0x08003c20   0x00000620   Code   RO         4654    i.powf              m_ws.l(powf.o)
    0x08004240   0x08004240   0x00000098   Code   RO         3598    i.prvAddCurrentTaskToDelayedList  tasks.o
    0x080042d8   0x080042d8   0x000000b4   Code   RO         3599    i.prvAddNewTaskToReadyList  tasks.o
    0x0800438c   0x0800438c   0x00000048   Code   RO         3600    i.prvCheckTasksWaitingTermination  tasks.o
    0x080043d4   0x080043d4   0x00000050   Code   RO         3601    i.prvDeleteTCB      tasks.o
    0x08004424   0x08004424   0x0000007c   Code   RO         4285    i.prvHeapInit       heap_4.o
    0x080044a0   0x080044a0   0x00000028   Code   RO         3602    i.prvIdleTask       tasks.o
    0x080044c8   0x080044c8   0x000000aa   Code   RO         3603    i.prvInitialiseNewTask  tasks.o
    0x08004572   0x08004572   0x00000002   PAD
    0x08004574   0x08004574   0x00000068   Code   RO         3604    i.prvInitialiseTaskLists  tasks.o
    0x080045dc   0x080045dc   0x00000068   Code   RO         4286    i.prvInsertBlockIntoFreeList  heap_4.o
    0x08004644   0x08004644   0x00000034   Code   RO         3605    i.prvResetNextTaskUnblockTime  tasks.o
    0x08004678   0x08004678   0x00000040   Code   RO         4348    i.prvTaskExitError  port.o
    0x080046b8   0x080046b8   0x0000013c   Code   RO         4287    i.pvPortMalloc      heap_4.o
    0x080047f4   0x080047f4   0x00000024   Code   RO         4349    i.pxPortInitialiseStack  port.o
    0x08004818   0x08004818   0x0000002c   Code   RO         4664    i.sqrtf             m_ws.l(sqrtf.o)
    0x08004844   0x08004844   0x000000d0   Code   RO         4508    i.system_init       motor_task.o
    0x08004914   0x08004914   0x00000028   Code   RO         3233    i.uxListRemove      list.o
    0x0800493c   0x0800493c   0x00000018   Code   RO          239    i.vApplicationGetIdleTaskMemory  freertos.o
    0x08004954   0x08004954   0x0000001a   Code   RO         3234    i.vListInitialise   list.o
    0x0800496e   0x0800496e   0x00000006   Code   RO         3235    i.vListInitialiseItem  list.o
    0x08004974   0x08004974   0x00000034   Code   RO         3236    i.vListInsert       list.o
    0x080049a8   0x080049a8   0x00000018   Code   RO         3237    i.vListInsertEnd    list.o
    0x080049c0   0x080049c0   0x00000054   Code   RO         4351    i.vPortEnterCritical  port.o
    0x08004a14   0x08004a14   0x0000003c   Code   RO         4352    i.vPortExitCritical  port.o
    0x08004a50   0x08004a50   0x00000094   Code   RO         4288    i.vPortFree         heap_4.o
    0x08004ae4   0x08004ae4   0x00000028   Code   RO         4353    i.vPortSetupTimerInterrupt  port.o
    0x08004b0c   0x08004b0c   0x0000005c   Code   RO         3613    i.vTaskDelay        tasks.o
    0x08004b68   0x08004b68   0x000000f4   Code   RO         3615    i.vTaskDelete       tasks.o
    0x08004c5c   0x08004c5c   0x000000b0   Code   RO         3627    i.vTaskStartScheduler  tasks.o
    0x08004d0c   0x08004d0c   0x00000010   Code   RO         3629    i.vTaskSuspendAll   tasks.o
    0x08004d1c   0x08004d1c   0x0000008c   Code   RO         3630    i.vTaskSwitchContext  tasks.o
    0x08004da8   0x08004da8   0x000000f8   Code   RO         4355    i.xPortStartScheduler  port.o
    0x08004ea0   0x08004ea0   0x00000064   Code   RO         3632    i.xTaskCreate       tasks.o
    0x08004f04   0x08004f04   0x000000b8   Code   RO         3633    i.xTaskCreateStatic  tasks.o
    0x08004fbc   0x08004fbc   0x00000148   Code   RO         3640    i.xTaskIncrementTick  tasks.o
    0x08005104   0x08005104   0x00000104   Code   RO         3646    i.xTaskResumeAll    tasks.o
    0x08005208   0x08005208   0x00000062   Code   RO         4585    x$fpl$d2f           fz_ws.l(d2f.o)
    0x0800526a   0x0800526a   0x00000002   PAD
    0x0800526c   0x0800526c   0x00000150   Code   RO         4587    x$fpl$dadd          fz_ws.l(daddsub_clz.o)
    0x080053bc   0x080053bc   0x00000010   Code   RO         4785    x$fpl$dcheck1       fz_ws.l(dcheck1.o)
    0x080053cc   0x080053cc   0x00000018   Code   RO         4762    x$fpl$dcmpinf       fz_ws.l(dcmpi.o)
    0x080053e4   0x080053e4   0x000002b0   Code   RO         4594    x$fpl$ddiv          fz_ws.l(ddiv.o)
    0x08005694   0x08005694   0x00000078   Code   RO         4676    x$fpl$deqf          fz_ws.l(deqf.o)
    0x0800570c   0x0800570c   0x0000005e   Code   RO         4597    x$fpl$dfix          fz_ws.l(dfix.o)
    0x0800576a   0x0800576a   0x0000002e   Code   RO         4602    x$fpl$dflt          fz_ws.l(dflt_clz.o)
    0x08005798   0x08005798   0x00000026   Code   RO         4601    x$fpl$dfltu         fz_ws.l(dflt_clz.o)
    0x080057be   0x080057be   0x00000002   PAD
    0x080057c0   0x080057c0   0x00000078   Code   RO         4678    x$fpl$dleqf         fz_ws.l(dleqf.o)
    0x08005838   0x08005838   0x00000154   Code   RO         4607    x$fpl$dmul          fz_ws.l(dmul.o)
    0x0800598c   0x0800598c   0x0000009c   Code   RO         4680    x$fpl$dnaninf       fz_ws.l(dnaninf.o)
    0x08005a28   0x08005a28   0x0000000c   Code   RO         4682    x$fpl$dretinf       fz_ws.l(dretinf.o)
    0x08005a34   0x08005a34   0x0000006c   Code   RO         4609    x$fpl$drleqf        fz_ws.l(drleqf.o)
    0x08005aa0   0x08005aa0   0x00000016   Code   RO         4588    x$fpl$drsb          fz_ws.l(daddsub_clz.o)
    0x08005ab6   0x08005ab6   0x00000002   PAD
    0x08005ab8   0x08005ab8   0x000001d4   Code   RO         4589    x$fpl$dsub          fz_ws.l(daddsub_clz.o)
    0x08005c8c   0x08005c8c   0x00000056   Code   RO         4611    x$fpl$f2d           fz_ws.l(f2d.o)
    0x08005ce2   0x08005ce2   0x00000002   PAD
    0x08005ce4   0x08005ce4   0x000000c4   Code   RO         4613    x$fpl$fadd          fz_ws.l(faddsub_clz.o)
    0x08005da8   0x08005da8   0x0000000c   Code   RO         4764    x$fpl$fcheck1       fz_ws.l(fcheck1.o)
    0x08005db4   0x08005db4   0x00000018   Code   RO         4684    x$fpl$fcmpinf       fz_ws.l(fcmpi.o)
    0x08005dcc   0x08005dcc   0x00000184   Code   RO         4687    x$fpl$fdiv          fz_ws.l(fdiv.o)
    0x08005f50   0x08005f50   0x00000068   Code   RO         4619    x$fpl$feqf          fz_ws.l(feqf.o)
    0x08005fb8   0x08005fb8   0x00000036   Code   RO         4621    x$fpl$ffix          fz_ws.l(ffix.o)
    0x08005fee   0x08005fee   0x00000002   PAD
    0x08005ff0   0x08005ff0   0x00000052   Code   RO         4622    x$fpl$ffixr         fz_ws.l(ffix.o)
    0x08006042   0x08006042   0x00000002   PAD
    0x08006044   0x08006044   0x00000030   Code   RO         4626    x$fpl$fflt          fz_ws.l(fflt_clz.o)
    0x08006074   0x08006074   0x00000068   Code   RO         4631    x$fpl$fleqf         fz_ws.l(fleqf.o)
    0x080060dc   0x080060dc   0x00000102   Code   RO         4633    x$fpl$fmul          fz_ws.l(fmul.o)
    0x080061de   0x080061de   0x0000008c   Code   RO         4690    x$fpl$fnaninf       fz_ws.l(fnaninf.o)
    0x0800626a   0x0800626a   0x0000000a   Code   RO         4692    x$fpl$fretinf       fz_ws.l(fretinf.o)
    0x08006274   0x08006274   0x00000062   Code   RO         4635    x$fpl$frleqf        fz_ws.l(frleqf.o)
    0x080062d6   0x080062d6   0x00000014   Code   RO         4614    x$fpl$frsb          fz_ws.l(faddsub_clz.o)
    0x080062ea   0x080062ea   0x00000002   PAD
    0x080062ec   0x080062ec   0x00000110   Code   RO         4694    x$fpl$fsqrt         fz_ws.l(fsqrt.o)
    0x080063fc   0x080063fc   0x000000ea   Code   RO         4615    x$fpl$fsub          fz_ws.l(faddsub_clz.o)
    0x080064e6   0x080064e6   0x00000064   Code   RO         4787    x$fpl$retnan        fz_ws.l(retnan.o)
    0x0800654a   0x0800654a   0x0000005c   Code   RO         4766    x$fpl$scalbn        fz_ws.l(scalbn.o)
    0x080065a6   0x080065a6   0x0000004c   Code   RO         4698    x$fpl$scalbnf       fz_ws.l(scalbnf.o)
    0x080065f2   0x080065f2   0x00000030   Code   RO         4836    x$fpl$trapveneer    fz_ws.l(trapv.o)
    0x08006622   0x08006622   0x00000000   Code   RO         4700    x$fpl$usenofp       fz_ws.l(usenofp.o)
    0x08006622   0x08006622   0x00000002   PAD
    0x08006624   0x08006624   0x0000001c   Data   RO          241    .constdata          freertos.o
    0x08006640   0x08006640   0x00000012   Data   RO          970    .constdata          stm32f1xx_hal_rcc.o
    0x08006652   0x08006652   0x00000018   Data   RO         3097    .constdata          system_stm32f1xx.o
    0x0800666a   0x0800666a   0x00000002   PAD
    0x0800666c   0x0800666c   0x0000001c   Data   RO         4509    .constdata          motor_task.o
    0x08006688   0x08006688   0x00000140   Data   RO         4655    .constdata          m_ws.l(powf.o)
    0x080067c8   0x080067c8   0x00000098   Data   RO         4703    .constdata          m_ws.l(atan.o)
    0x08006860   0x08006860   0x00000008   Data   RO         4741    .constdata          m_ws.l(qnan.o)
    0x08006868   0x08006868   0x0000000c   Data   RO          242    .conststring        freertos.o
    0x08006874   0x08006874   0x0000000c   Data   RO         4510    .conststring        motor_task.o
    0x08006880   0x08006880   0x00000020   Data   RO         4917    Region$$Table       anon$$obj.o


    Execution Region RW_IRAM1 (Exec base: 0x20000000, Load base: 0x080068a0, Size: 0x000019d0, Max: 0x00005000, ABSOLUTE)

    Exec Addr    Load Addr    Size         Type   Attr      Idx    E Section Name        Object

    0x20000000   0x080068a0   0x00000008   Data   RW          243    .data               freertos.o
    0x20000008   0x080068a8   0x00000009   Data   RW          806    .data               stm32f1xx_hal.o
    0x20000011   0x080068b1   0x00000003   PAD
    0x20000014   0x080068b4   0x00000004   Data   RW         3098    .data               system_stm32f1xx.o
    0x20000018   0x080068b8   0x0000003c   Data   RW         3649    .data               tasks.o
    0x20000054   0x080068f4   0x00000018   Data   RW         4293    .data               heap_4.o
    0x2000006c   0x0800690c   0x0000000c   Data   RW         4356    .data               port.o
    0x20000078   0x08006918   0x00000020   Data   RW         4461    .data               can_feedback.o
    0x20000098   0x08006938   0x00000048   Data   RW         4511    .data               motor_task.o
    0x200000e0        -       0x00000254   Zero   RW          240    .bss                freertos.o
    0x20000334        -       0x00000028   Zero   RW          285    .bss                can.o
    0x2000035c        -       0x00000058   Zero   RW          327    .bss                spi.o
    0x200003b4        -       0x00000048   Zero   RW          475    .bss                stm32f1xx_hal_timebase_tim.o
    0x200003fc        -       0x000000f0   Zero   RW         3648    .bss                tasks.o
    0x200004ec        -       0x00000c00   Zero   RW         4292    .bss                heap_4.o
    0x200010ec        -       0x00000280   Zero   RW         4460    .bss                can_feedback.o
    0x2000136c        -       0x00000060   Zero   RW         4773    .bss                c_w.l(libspace.o)
    0x200013cc   0x08006980   0x00000004   PAD
    0x200013d0        -       0x00000200   Zero   RW            2    HEAP                startup_stm32f103xb.o
    0x200015d0        -       0x00000400   Zero   RW            1    STACK               startup_stm32f103xb.o


==============================================================================

Image component sizes


      Code (inc. data)   RO Data    RW Data    ZI Data      Debug   Object Name

       256         24          0          0         40       1559   can.o
       618         36          0         32        640       2891   can_feedback.o
       118          0          0          0          0      21261   cmsis_os.o
         0          0          0          0          0      18096   event_groups.o
        64         20         40          8        596       1916   freertos.o
       112          8          0          0          0        819   gpio.o
       692         62          0         24       3072       7063   heap_4.o
       148          0          0          0          0       3270   list.o
       252         14          0          0          0     469750   main.o
      3234        234         40         72          0       4858   motor_task.o
       480          0          0          0          0       1766   pid.o
       734         64          0         12          0      10136   port.o
       204         22          0          0         88       1549   spi.o
        64         26        236          0       1536        788   startup_stm32f103xb.o
        76         20          0          9          0       4498   stm32f1xx_hal.o
      2122          0          0          0          0      13243   stm32f1xx_hal_can.o
       252         22          0          0          0      28526   stm32f1xx_hal_cortex.o
       812         34          0          0          0       2604   stm32f1xx_hal_gpio.o
        96         10          0          0          0        850   stm32f1xx_hal_msp.o
      1784         98         18          0          0       5850   stm32f1xx_hal_rcc.o
      1022          6          0          0          0       4357   stm32f1xx_hal_spi.o
       754         26          0          0          0       5926   stm32f1xx_hal_tim.o
         4          0          0          0          0       1477   stm32f1xx_hal_tim_ex.o
       180         22          0          0         72       1391   stm32f1xx_hal_timebase_tim.o
        86         24          0          0          0       4262   stm32f1xx_it.o
         0          0          0          0          0        384   stream_buffer.o
         2          0         24          4          0       1047   system_stm32f1xx.o
      2390        312          0         60        240      17375   tasks.o

    ----------------------------------------------------------------------
     16578       1084        392        224       6284     637512   Object Totals
         0          0         32          0          0          0   (incl. Generated)
        22          0          2          3          0          0   (incl. Padding)

    ----------------------------------------------------------------------

      Code (inc. data)   RO Data    RW Data    ZI Data      Debug   Library Member Name

         8          0          0          0          0         68   __main.o
         0          0          0          0          0          0   __rtentry.o
        12          0          0          0          0          0   __rtentry2.o
         6          0          0          0          0          0   __rtentry4.o
        52          8          0          0          0          0   __scatter.o
        26          0          0          0          0          0   __scatter_copy.o
        28          0          0          0          0          0   __scatter_zi.o
        22          0          0          0          0        100   _rserrno.o
        18          0          0          0          0         80   exit.o
         6          0          0          0          0        152   heapauxi.o
         0          0          0          0          0          0   indicate_semi.o
         2          0          0          0          0          0   libinit.o
         2          0          0          0          0          0   libinit2.o
         2          0          0          0          0          0   libshutdown.o
         2          0          0          0          0          0   libshutdown2.o
         8          4          0          0         96         68   libspace.o
         8          4          0          0          0         68   rt_errno_addr_intlibspace.o
        78          0          0          0          0         80   rt_memclr_w.o
       138          0          0          0          0         68   rt_memcpy_v6.o
       100          0          0          0          0         80   rt_memcpy_w.o
         2          0          0          0          0          0   rtexit.o
        10          0          0          0          0          0   rtexit2.o
        12          4          0          0          0         68   sys_exit.o
        74          0          0          0          0         80   sys_stackheap_outer.o
         2          0          0          0          0         68   use_no_semi.o
        98          4          0          0          0         92   d2f.o
       826         16          0          0          0        348   daddsub_clz.o
        16          4          0          0          0         68   dcheck1.o
        24          0          0          0          0         68   dcmpi.o
       688        140          0          0          0        208   ddiv.o
       120          4          0          0          0         92   deqf.o
        94          4          0          0          0         92   dfix.o
        84          0          0          0          0        136   dflt_clz.o
       120          4          0          0          0         92   dleqf.o
       340         12          0          0          0        104   dmul.o
       156          4          0          0          0         92   dnaninf.o
        12          0          0          0          0         68   dretinf.o
       108          0          0          0          0         80   drleqf.o
        86          4          0          0          0         84   f2d.o
       450          8          0          0          0        236   faddsub_clz.o
        12          4          0          0          0         68   fcheck1.o
        24          0          0          0          0         68   fcmpi.o
       388         76          0          0          0         96   fdiv.o
       104          4          0          0          0         84   feqf.o
       136          8          0          0          0        168   ffix.o
        48          0          0          0          0         68   fflt_clz.o
       104          4          0          0          0         84   fleqf.o
       258          4          0          0          0         84   fmul.o
       140          4          0          0          0         84   fnaninf.o
        10          0          0          0          0         68   fretinf.o
        98          0          0          0          0         68   frleqf.o
       272        100          0          0          0         88   fsqrt.o
       100          0          0          0          0         68   retnan.o
        92          0          0          0          0         68   scalbn.o
        76          0          0          0          0         68   scalbnf.o
        48          0          0          0          0         68   trapv.o
         0          0          0          0          0          0   usenofp.o
       544         70        152          0          0        124   atan.o
       412         38          0          0          0        144   atan2.o
       676         78          0          0          0        116   atan2f.o
        26          6          0          0          0        204   dunder.o
        40          0          0          0          0         68   fpclassify.o
        38          0          0          0          0         68   fpclassifyf.o
        42          0          0          0          0        340   funder.o
       170          0          0          0          0         96   poly.o
      1568         80        320          0          0        224   powf.o
         0          0          8          0          0          0   qnan.o
        44          0          0          0          0         80   sqrtf.o

    ----------------------------------------------------------------------
      9334        700        480          0        100       5604   Library Totals
        24          0          0          0          4          0   (incl. Padding)

    ----------------------------------------------------------------------

      Code (inc. data)   RO Data    RW Data    ZI Data      Debug   Library Name

       618         20          0          0         96        980   c_w.l
      5132        408          0          0          0       3160   fz_ws.l
      3560        272        480          0          0       1464   m_ws.l

    ----------------------------------------------------------------------
      9334        700        480          0        100       5604   Library Totals

    ----------------------------------------------------------------------

==============================================================================


      Code (inc. data)   RO Data    RW Data    ZI Data      Debug   

     25912       1784        872        224       6384     633752   Grand Totals
     25912       1784        872        224       6384     633752   ELF Image Totals
     25912       1784        872        224          0          0   ROM Totals

==============================================================================

    Total RO  Size (Code + RO Data)                26784 (  26.16kB)
    Total RW  Size (RW Data + ZI Data)              6608 (   6.45kB)
    Total ROM Size (Code + RO Data + RW Data)      27008 (  26.38kB)

==============================================================================

